Archive member included to satisfy reference by file (symbol)

F:/GNU Arm Embedded Toolchain/arm-gnu-toolchain-14.3.rel1-mingw-w64-i686-arm-none-eabi/bin/../lib/gcc/arm-none-eabi/14.3.1/../../../../arm-none-eabi/lib/thumb/v7-m/nofp\libm.a(libm_a-sf_sin.o)
                              CMakeFiles/hw_work1.dir/Tasks/main_task.cpp.obj (sinf)
F:/GNU Arm Embedded Toolchain/arm-gnu-toolchain-14.3.rel1-mingw-w64-i686-arm-none-eabi/bin/../lib/gcc/arm-none-eabi/14.3.1/../../../../arm-none-eabi/lib/thumb/v7-m/nofp\libm.a(libm_a-kf_cos.o)
                              F:/GNU Arm Embedded Toolchain/arm-gnu-toolchain-14.3.rel1-mingw-w64-i686-arm-none-eabi/bin/../lib/gcc/arm-none-eabi/14.3.1/../../../../arm-none-eabi/lib/thumb/v7-m/nofp\libm.a(libm_a-sf_sin.o) (__kernel_cosf)
F:/GNU Arm Embedded Toolchain/arm-gnu-toolchain-14.3.rel1-mingw-w64-i686-arm-none-eabi/bin/../lib/gcc/arm-none-eabi/14.3.1/../../../../arm-none-eabi/lib/thumb/v7-m/nofp\libm.a(libm_a-kf_sin.o)
                              F:/GNU Arm Embedded Toolchain/arm-gnu-toolchain-14.3.rel1-mingw-w64-i686-arm-none-eabi/bin/../lib/gcc/arm-none-eabi/14.3.1/../../../../arm-none-eabi/lib/thumb/v7-m/nofp\libm.a(libm_a-sf_sin.o) (__kernel_sinf)
F:/GNU Arm Embedded Toolchain/arm-gnu-toolchain-14.3.rel1-mingw-w64-i686-arm-none-eabi/bin/../lib/gcc/arm-none-eabi/14.3.1/../../../../arm-none-eabi/lib/thumb/v7-m/nofp\libm.a(libm_a-ef_rem_pio2.o)
                              F:/GNU Arm Embedded Toolchain/arm-gnu-toolchain-14.3.rel1-mingw-w64-i686-arm-none-eabi/bin/../lib/gcc/arm-none-eabi/14.3.1/../../../../arm-none-eabi/lib/thumb/v7-m/nofp\libm.a(libm_a-sf_sin.o) (__ieee754_rem_pio2f)
F:/GNU Arm Embedded Toolchain/arm-gnu-toolchain-14.3.rel1-mingw-w64-i686-arm-none-eabi/bin/../lib/gcc/arm-none-eabi/14.3.1/../../../../arm-none-eabi/lib/thumb/v7-m/nofp\libm.a(libm_a-sf_fabs.o)
                              F:/GNU Arm Embedded Toolchain/arm-gnu-toolchain-14.3.rel1-mingw-w64-i686-arm-none-eabi/bin/../lib/gcc/arm-none-eabi/14.3.1/../../../../arm-none-eabi/lib/thumb/v7-m/nofp\libm.a(libm_a-ef_rem_pio2.o) (fabsf)
F:/GNU Arm Embedded Toolchain/arm-gnu-toolchain-14.3.rel1-mingw-w64-i686-arm-none-eabi/bin/../lib/gcc/arm-none-eabi/14.3.1/../../../../arm-none-eabi/lib/thumb/v7-m/nofp\libm.a(libm_a-kf_rem_pio2.o)
                              F:/GNU Arm Embedded Toolchain/arm-gnu-toolchain-14.3.rel1-mingw-w64-i686-arm-none-eabi/bin/../lib/gcc/arm-none-eabi/14.3.1/../../../../arm-none-eabi/lib/thumb/v7-m/nofp\libm.a(libm_a-ef_rem_pio2.o) (__kernel_rem_pio2f)
F:/GNU Arm Embedded Toolchain/arm-gnu-toolchain-14.3.rel1-mingw-w64-i686-arm-none-eabi/bin/../lib/gcc/arm-none-eabi/14.3.1/../../../../arm-none-eabi/lib/thumb/v7-m/nofp\libm.a(libm_a-sf_scalbn.o)
                              F:/GNU Arm Embedded Toolchain/arm-gnu-toolchain-14.3.rel1-mingw-w64-i686-arm-none-eabi/bin/../lib/gcc/arm-none-eabi/14.3.1/../../../../arm-none-eabi/lib/thumb/v7-m/nofp\libm.a(libm_a-kf_rem_pio2.o) (scalbnf)
F:/GNU Arm Embedded Toolchain/arm-gnu-toolchain-14.3.rel1-mingw-w64-i686-arm-none-eabi/bin/../lib/gcc/arm-none-eabi/14.3.1/../../../../arm-none-eabi/lib/thumb/v7-m/nofp\libm.a(libm_a-sf_floor.o)
                              F:/GNU Arm Embedded Toolchain/arm-gnu-toolchain-14.3.rel1-mingw-w64-i686-arm-none-eabi/bin/../lib/gcc/arm-none-eabi/14.3.1/../../../../arm-none-eabi/lib/thumb/v7-m/nofp\libm.a(libm_a-kf_rem_pio2.o) (floorf)
F:/GNU Arm Embedded Toolchain/arm-gnu-toolchain-14.3.rel1-mingw-w64-i686-arm-none-eabi/bin/../lib/gcc/arm-none-eabi/14.3.1/thumb/v7-m/nofp\libgcc.a(_arm_mulsf3.o)
                              CMakeFiles/hw_work1.dir/Tasks/main_task.cpp.obj (__aeabi_fmul)
F:/GNU Arm Embedded Toolchain/arm-gnu-toolchain-14.3.rel1-mingw-w64-i686-arm-none-eabi/bin/../lib/gcc/arm-none-eabi/14.3.1/thumb/v7-m/nofp\libgcc.a(_arm_addsubsf3.o)
                              F:/GNU Arm Embedded Toolchain/arm-gnu-toolchain-14.3.rel1-mingw-w64-i686-arm-none-eabi/bin/../lib/gcc/arm-none-eabi/14.3.1/../../../../arm-none-eabi/lib/thumb/v7-m/nofp\libm.a(libm_a-sf_sin.o) (__aeabi_fsub)
F:/GNU Arm Embedded Toolchain/arm-gnu-toolchain-14.3.rel1-mingw-w64-i686-arm-none-eabi/bin/../lib/gcc/arm-none-eabi/14.3.1/thumb/v7-m/nofp\libgcc.a(_arm_muldivsf3.o)
                              CMakeFiles/hw_work1.dir/Tasks/main_task.cpp.obj (__aeabi_fdiv)
F:/GNU Arm Embedded Toolchain/arm-gnu-toolchain-14.3.rel1-mingw-w64-i686-arm-none-eabi/bin/../lib/gcc/arm-none-eabi/14.3.1/thumb/v7-m/nofp\libgcc.a(_arm_cmpsf2.o)
                              F:/GNU Arm Embedded Toolchain/arm-gnu-toolchain-14.3.rel1-mingw-w64-i686-arm-none-eabi/bin/../lib/gcc/arm-none-eabi/14.3.1/../../../../arm-none-eabi/lib/thumb/v7-m/nofp\libm.a(libm_a-ef_rem_pio2.o) (__aeabi_fcmpeq)
F:/GNU Arm Embedded Toolchain/arm-gnu-toolchain-14.3.rel1-mingw-w64-i686-arm-none-eabi/bin/../lib/gcc/arm-none-eabi/14.3.1/thumb/v7-m/nofp\libgcc.a(_arm_fixsfsi.o)
                              CMakeFiles/hw_work1.dir/Tasks/main_task.cpp.obj (__aeabi_f2iz)
[...]
Memory Configuration

Name             Origin             Length             Attributes
RAM              0x20000000         0x00005000         xrw
FLASH            0x08000000         0x00010000         xr
*default*        0x00000000         0xffffffff

Linker script and memory map

LOAD F:/GNU Arm Embedded Toolchain/arm-gnu-toolchain-14.3.rel1-mingw-w64-i686-arm-none-eabi/bin/../lib/gcc/arm-none-eabi/14.3.1/thumb/v7-m/nofp/crti.o
LOAD F:/GNU Arm Embedded Toolchain/arm-gnu-toolchain-14.3.rel1-mingw-w64-i686-arm-none-eabi/bin/../lib/gcc/arm-none-eabi/14.3.1/thumb/v7-m/nofp/crtbegin.o
LOAD F:/GNU Arm Embedded Toolchain/arm-gnu-toolchain-14.3.rel1-mingw-w64-i686-arm-none-eabi/bin/../lib/gcc/arm-none-eabi/14.3.1/../../../../arm-none-eabi/lib/thumb/v7-m/nofp/crt0.o
LOAD cmake/stm32cubemx/CMakeFiles/STM32_Drivers.dir/__/__/Core/Src/system_stm32f1xx.c.obj
LOAD cmake/stm32cubemx/CMakeFiles/STM32_Drivers.dir/__/__/Drivers/STM32F1xx_HAL_Driver/Src/stm32f1xx_hal_gpio_ex.c.obj
LOAD cmake/stm32cubemx/CMakeFiles/STM32_Drivers.dir/__/__/Drivers/STM32F1xx_HAL_Driver/Src/stm32f1xx_hal_can.c.obj
LOAD cmake/stm32cubemx/CMakeFiles/STM32_Drivers.dir/__/__/Drivers/STM32F1xx_HAL_Driver/Src/stm32f1xx_hal.c.obj
LOAD cmake/stm32cubemx/CMakeFiles/STM32_Drivers.dir/__/__/Drivers/STM32F1xx_HAL_Driver/Src/stm32f1xx_hal_rcc.c.obj
LOAD cmake/stm32cubemx/CMakeFiles/STM32_Drivers.dir/__/__/Drivers/STM32F1xx_HAL_Driver/Src/stm32f1xx_hal_rcc_ex.c.obj
LOAD cmake/stm32cubemx/CMakeFiles/STM32_Drivers.dir/__/__/Drivers/STM32F1xx_HAL_Driver/Src/stm32f1xx_hal_gpio.c.obj
LOAD cmake/stm32cubemx/CMakeFiles/STM32_Drivers.dir/__/__/Drivers/STM32F1xx_HAL_Driver/Src/stm32f1xx_hal_dma.c.obj
LOAD cmake/stm32cubemx/CMakeFiles/STM32_Drivers.dir/__/__/Drivers/STM32F1xx_HAL_Driver/Src/stm32f1xx_hal_cortex.c.obj
LOAD cmake/stm32cubemx/CMakeFiles/STM32_Drivers.dir/__/__/Drivers/STM32F1xx_HAL_Driver/Src/stm32f1xx_hal_pwr.c.obj
LOAD cmake/stm32cubemx/CMakeFiles/STM32_Drivers.dir/__/__/Drivers/STM32F1xx_HAL_Driver/Src/stm32f1xx_hal_flash.c.obj
LOAD cmake/stm32cubemx/CMakeFiles/STM32_Drivers.dir/__/__/Drivers/STM32F1xx_HAL_Driver/Src/stm32f1xx_hal_flash_ex.c.obj
LOAD cmake/stm32cubemx/CMakeFiles/STM32_Drivers.dir/__/__/Drivers/STM32F1xx_HAL_Driver/Src/stm32f1xx_hal_exti.c.obj
LOAD cmake/stm32cubemx/CMakeFiles/STM32_Drivers.dir/__/__/Drivers/STM32F1xx_HAL_Driver/Src/stm32f1xx_hal_tim.c.obj
LOAD cmake/stm32cubemx/CMakeFiles/STM32_Drivers.dir/__/__/Drivers/STM32F1xx_HAL_Driver/Src/stm32f1xx_hal_tim_ex.c.obj
LOAD cmake/stm32cubemx/CMakeFiles/STM32_Drivers.dir/__/__/Drivers/STM32F1xx_HAL_Driver/Src/stm32f1xx_hal_uart.c.obj
LOAD CMakeFiles/hw_work1.dir/Core/Src/can.c.obj
LOAD CMakeFiles/hw_work1.dir/Core/Src/gpio.c.obj
LOAD CMakeFiles/hw_work1.dir/Core/Src/main.c.obj
LOAD CMakeFiles/hw_work1.dir/Core/Src/stm32f1xx_hal_msp.c.obj
LOAD CMakeFiles/hw_work1.dir/Core/Src/stm32f1xx_it.c.obj
LOAD CMakeFiles/hw_work1.dir/Core/Src/syscalls.c.obj
LOAD CMakeFiles/hw_work1.dir/Core/Src/sysmem.c.obj
LOAD CMakeFiles/hw_work1.dir/Core/Src/tim.c.obj
LOAD CMakeFiles/hw_work1.dir/Core/Src/usart.c.obj
LOAD CMakeFiles/hw_work1.dir/Tasks/main_task.cpp.obj
LOAD CMakeFiles/hw_work1.dir/Resources/HW_can.cpp.obj
LOAD CMakeFiles/hw_work1.dir/startup_stm32f103xb.s.obj
LOAD libdrivers.a
LOAD F:/GNU Arm Embedded Toolchain/arm-gnu-toolchain-14.3.rel1-mingw-w64-i686-arm-none-eabi/bin/../lib/gcc/arm-none-eabi/14.3.1/../../../../arm-none-eabi/lib/thumb/v7-m/nofp\libstdc++_nano.a
LOAD F:/GNU Arm Embedded Toolchain/arm-gnu-toolchain-14.3.rel1-mingw-w64-i686-arm-none-eabi/bin/../lib/gcc/arm-none-eabi/14.3.1/../../../../arm-none-eabi/lib/thumb/v7-m/nofp\libm.a
START GROUP
LOAD F:/GNU Arm Embedded Toolchain/arm-gnu-toolchain-14.3.rel1-mingw-w64-i686-arm-none-eabi/bin/../lib/gcc/arm-none-eabi/14.3.1/thumb/v7-m/nofp\libgcc.a
LOAD F:/GNU Arm Embedded Toolchain/arm-gnu-toolchain-14.3.rel1-mingw-w64-i686-arm-none-eabi/bin/../lib/gcc/arm-none-eabi/14.3.1/../../../../arm-none-eabi/lib/thumb/v7-m/nofp\libg_nano.a
LOAD F:/GNU Arm Embedded Toolchain/arm-gnu-toolchain-14.3.rel1-mingw-w64-i686-arm-none-eabi/bin/../lib/gcc/arm-none-eabi/14.3.1/../../../../arm-none-eabi/lib/thumb/v7-m/nofp\libc_nano.a
END GROUP
START GROUP
LOAD F:/GNU Arm Embedded Toolchain/arm-gnu-toolchain-14.3.rel1-mingw-w64-i686-arm-none-eabi/bin/../lib/gcc/arm-none-eabi/14.3.1/thumb/v7-m/nofp\libgcc.a
LOAD F:/GNU Arm Embedded Toolchain/arm-gnu-toolchain-14.3.rel1-mingw-w64-i686-arm-none-eabi/bin/../lib/gcc/arm-none-eabi/14.3.1/../../../../arm-none-eabi/lib/thumb/v7-m/nofp\libc_nano.a
END GROUP
LOAD F:/GNU Arm Embedded Toolchain/arm-gnu-toolchain-14.3.rel1-mingw-w64-i686-arm-none-eabi/bin/../lib/gcc/arm-none-eabi/14.3.1/thumb/v7-m/nofp/crtend.o
LOAD F:/GNU Arm Embedded Toolchain/arm-gnu-toolchain-14.3.rel1-mingw-w64-i686-arm-none-eabi/bin/../lib/gcc/arm-none-eabi/14.3.1/thumb/v7-m/nofp/crtn.o
                0x20005000                        _estack = (ORIGIN (RAM) + LENGTH (RAM))
                0x00000200                        _Min_Heap_Size = 0x200
                0x00000400                        _Min_Stack_Size = 0x400

.isr_vector     0x08000000      0x10c
                0x08000000                        . = ALIGN (0x4)
 *(.isr_vector)
 .isr_vector    0x08000000      0x10c CMakeFiles/hw_work1.dir/startup_stm32f103xb.s.obj
                0x08000000                g_pfnVectors
                0x0800010c                        . = ALIGN (0x4)

.text           0x0800010c     0x64d0
                0x0800010c                        . = ALIGN (0x4)
 *(.text)
 .text          0x0800010c      0x21c F:/GNU Arm Embedded Toolchain/arm-gnu-toolchain-14.3.rel1-mingw-w64-i686-arm-none-eabi/bin/../lib/gcc/arm-none-eabi/14.3.1/thumb/v7-m/nofp\libgcc.a(_arm_addsubsf3.o)
                0x0800010c                __aeabi_frsub
                0x08000114                __subsf3
                0x08000114                __aeabi_fsub
                0x08000118                __aeabi_fadd
                0x08000118                __addsf3
                0x08000278                __aeabi_ui2f
                0x08000278                __floatunsisf
                0x08000280                __aeabi_i2f
                0x08000280                __floatsisf
                0x0800029c                __aeabi_ul2f
                0x0800029c                __floatundisf
                0x080002ac                __aeabi_l2f
                0x080002ac                __floatdisf
 .text          0x08000328      0x2a0 F:/GNU Arm Embedded Toolchain/arm-gnu-toolchain-14.3.rel1-mingw-w64-i686-arm-none-eabi/bin/../lib/gcc/arm-none-eabi/14.3.1/thumb/v7-m/nofp\libgcc.a(_arm_muldivsf3.o)
                0x08000328                __mulsf3
                0x08000328                __aeabi_fmul
                0x08000490                __aeabi_fdiv
                0x08000490                __divsf3
 .text          0x080005c8       0xec F:/GNU Arm Embedded Toolchain/arm-gnu-toolchain-14.3.rel1-mingw-w64-i686-arm-none-eabi/bin/../lib/gcc/arm-none-eabi/14.3.1/thumb/v7-m/nofp\libgcc.a(_arm_cmpsf2.o)
                0x080005c8                __gesf2
                0x080005c8                __gtsf2
                0x080005d0                __lesf2
                0x080005d0                __ltsf2
                0x080005d8                __nesf2
                0x080005d8                __eqsf2
                0x080005d8                __cmpsf2
                0x08000638                __aeabi_cfrcmple
                0x08000640                __aeabi_cfcmpeq
                0x08000640                __aeabi_cfcmple
                0x08000650                __aeabi_fcmpeq
                0x08000664                __aeabi_fcmplt
                0x08000678                __aeabi_fcmple
                0x0800068c                __aeabi_fcmpge
                0x080006a0                __aeabi_fcmpgt
 .text          0x080006b4       0x4c F:/GNU Arm Embedded Toolchain/arm-gnu-toolchain-14.3.rel1-mingw-w64-i686-arm-none-eabi/bin/../lib/gcc/arm-none-eabi/14.3.1/thumb/v7-m/nofp\libgcc.a(_arm_fixsfsi.o)
                0x080006b4                __aeabi_f2iz
                0x080006b4                __fixsfsi
 *(.text*)
 .text.deregister_tm_clones
                0x08000700       0x1c F:/GNU Arm Embedded Toolchain/arm-gnu-toolchain-14.3.rel1-mingw-w64-i686-arm-none-eabi/bin/../lib/gcc/arm-none-eabi/14.3.1/thumb/v7-m/nofp/crtbegin.o
 .text.register_tm_clones
                0x0800071c       0x24 F:/GNU Arm Embedded Toolchain/arm-gnu-toolchain-14.3.rel1-mingw-w64-i686-arm-none-eabi/bin/../lib/gcc/arm-none-eabi/14.3.1/thumb/v7-m/nofp/crtbegin.o
 .text.__do_global_dtors_aux
                0x08000740       0x28 F:/GNU Arm Embedded Toolchain/arm-gnu-toolchain-14.3.rel1-mingw-w64-i686-arm-none-eabi/bin/../lib/gcc/arm-none-eabi/14.3.1/thumb/v7-m/nofp/crtbegin.o
 .text.frame_dummy
                0x08000768       0x24 F:/GNU Arm Embedded Toolchain/arm-gnu-toolchain-14.3.rel1-mingw-w64-i686-arm-none-eabi/bin/../lib/gcc/arm-none-eabi/14.3.1/thumb/v7-m/nofp/crtbegin.o
 .text.SystemInit
                0x0800078c        0xc cmake/stm32cubemx/CMakeFiles/STM32_Drivers.dir/__/__/Core/Src/system_stm32f1xx.c.obj
                0x0800078c                SystemInit
 .text.HAL_CAN_Init
                0x08000798      0x430 cmake/stm32cubemx/CMakeFiles/STM32_Drivers.dir/__/__/Drivers/STM32F1xx_HAL_Driver/Src/stm32f1xx_hal_can.c.obj
                0x08000798                HAL_CAN_Init
 .text.HAL_CAN_ConfigFilter
                0x08000bc8      0x260 cmake/stm32cubemx/CMakeFiles/STM32_Drivers.dir/__/__/Drivers/STM32F1xx_HAL_Driver/Src/stm32f1xx_hal_can.c.obj
                0x08000bc8                HAL_CAN_ConfigFilter
 .text.HAL_CAN_Start
                0x08000e28       0x88 cmake/stm32cubemx/CMakeFiles/STM32_Drivers.dir/__/__/Drivers/STM32F1xx_HAL_Driver/Src/stm32f1xx_hal_can.c.obj
                0x08000e28                HAL_CAN_Start
 .text.HAL_CAN_AddTxMessage
                0x08000eb0      0x234 cmake/stm32cubemx/CMakeFiles/STM32_Drivers.dir/__/__/Drivers/STM32F1xx_HAL_Driver/Src/stm32f1xx_hal_can.c.obj
                0x08000eb0                HAL_CAN_AddTxMessage
 .text.HAL_CAN_GetTxMailboxesFreeLevel
                0x080010e4       0x68 cmake/stm32cubemx/CMakeFiles/STM32_Drivers.dir/__/__/Drivers/STM32F1xx_HAL_Driver/Src/stm32f1xx_hal_can.c.obj
                0x080010e4                HAL_CAN_GetTxMailboxesFreeLevel
 .text.HAL_CAN_GetRxMessage
                0x0800114c      0x25c cmake/stm32cubemx/CMakeFiles/STM32_Drivers.dir/__/__/Drivers/STM32F1xx_HAL_Driver/Src/stm32f1xx_hal_can.c.obj
                0x0800114c                HAL_CAN_GetRxMessage
 .text.HAL_CAN_ActivateNotification
                0x080013a8       0x64 cmake/stm32cubemx/CMakeFiles/STM32_Drivers.dir/__/__/Drivers/STM32F1xx_HAL_Driver/Src/stm32f1xx_hal_can.c.obj
                0x080013a8                HAL_CAN_ActivateNotification
 .text.HAL_CAN_IRQHandler
                0x0800140c      0x36e cmake/stm32cubemx/CMakeFiles/STM32_Drivers.dir/__/__/Drivers/STM32F1xx_HAL_Driver/Src/stm32f1xx_hal_can.c.obj
                0x0800140c                HAL_CAN_IRQHandler
 .text.HAL_CAN_TxMailbox0CompleteCallback
                0x0800177a       0x12 cmake/stm32cubemx/CMakeFiles/STM32_Drivers.dir/__/__/Drivers/STM32F1xx_HAL_Driver/Src/stm32f1xx_hal_can.c.obj
                0x0800177a                HAL_CAN_TxMailbox0CompleteCallback
 .text.HAL_CAN_TxMailbox1CompleteCallback
                0x0800178c       0x12 cmake/stm32cubemx/CMakeFiles/STM32_Drivers.dir/__/__/Drivers/STM32F1xx_HAL_Driver/Src/stm32f1xx_hal_can.c.obj
                0x0800178c                HAL_CAN_TxMailbox1CompleteCallback
 .text.HAL_CAN_TxMailbox2CompleteCallback
                0x0800179e       0x12 cmake/stm32cubemx/CMakeFiles/STM32_Drivers.dir/__/__/Drivers/STM32F1xx_HAL_Driver/Src/stm32f1xx_hal_can.c.obj
                0x0800179e                HAL_CAN_TxMailbox2CompleteCallback
 .text.HAL_CAN_TxMailbox0AbortCallback
                0x080017b0       0x12 cmake/stm32cubemx/CMakeFiles/STM32_Drivers.dir/__/__/Drivers/STM32F1xx_HAL_Driver/Src/stm32f1xx_hal_can.c.obj
                0x080017b0                HAL_CAN_TxMailbox0AbortCallback
 .text.HAL_CAN_TxMailbox1AbortCallback
                0x080017c2       0x12 cmake/stm32cubemx/CMakeFiles/STM32_Drivers.dir/__/__/Drivers/STM32F1xx_HAL_Driver/Src/stm32f1xx_hal_can.c.obj
                0x080017c2                HAL_CAN_TxMailbox1AbortCallback
 .text.HAL_CAN_TxMailbox2AbortCallback
                0x080017d4       0x12 cmake/stm32cubemx/CMakeFiles/STM32_Drivers.dir/__/__/Drivers/STM32F1xx_HAL_Driver/Src/stm32f1xx_hal_can.c.obj
                0x080017d4                HAL_CAN_TxMailbox2AbortCallback
 .text.HAL_CAN_RxFifo0FullCallback
                0x080017e6       0x12 cmake/stm32cubemx/CMakeFiles/STM32_Drivers.dir/__/__/Drivers/STM32F1xx_HAL_Driver/Src/stm32f1xx_hal_can.c.obj
                0x080017e6                HAL_CAN_RxFifo0FullCallback
 .text.HAL_CAN_RxFifo1MsgPendingCallback
                0x080017f8       0x12 cmake/stm32cubemx/CMakeFiles/STM32_Drivers.dir/__/__/Drivers/STM32F1xx_HAL_Driver/Src/stm32f1xx_hal_can.c.obj
                0x080017f8                HAL_CAN_RxFifo1MsgPendingCallback
 .text.HAL_CAN_RxFifo1FullCallback
                0x0800180a       0x12 cmake/stm32cubemx/CMakeFiles/STM32_Drivers.dir/__/__/Drivers/STM32F1xx_HAL_Driver/Src/stm32f1xx_hal_can.c.obj
                0x0800180a                HAL_CAN_RxFifo1FullCallback
 .text.HAL_CAN_SleepCallback
                0x0800181c       0x12 cmake/stm32cubemx/CMakeFiles/STM32_Drivers.dir/__/__/Drivers/STM32F1xx_HAL_Driver/Src/stm32f1xx_hal_can.c.obj
                0x0800181c                HAL_CAN_SleepCallback
 .text.HAL_CAN_WakeUpFromRxMsgCallback
                0x0800182e       0x12 cmake/stm32cubemx/CMakeFiles/STM32_Drivers.dir/__/__/Drivers/STM32F1xx_HAL_Driver/Src/stm32f1xx_hal_can.c.obj
                0x0800182e                HAL_CAN_WakeUpFromRxMsgCallback
 .text.HAL_CAN_ErrorCallback
                0x08001840       0x12 cmake/stm32cubemx/CMakeFiles/STM32_Drivers.dir/__/__/Drivers/STM32F1xx_HAL_Driver/Src/stm32f1xx_hal_can.c.obj
                0x08001840                HAL_CAN_ErrorCallback
 *fill*         0x08001852        0x2 
 .text.HAL_Init
                0x08001854       0x2c cmake/stm32cubemx/CMakeFiles/STM32_Drivers.dir/__/__/Drivers/STM32F1xx_HAL_Driver/Src/stm32f1xx_hal.c.obj
                0x08001854                HAL_Init
 .text.HAL_InitTick
                0x08001880       0x60 cmake/stm32cubemx/CMakeFiles/STM32_Drivers.dir/__/__/Drivers/STM32F1xx_HAL_Driver/Src/stm32f1xx_hal.c.obj
                0x08001880                HAL_InitTick
 .text.HAL_IncTick
                0x080018e0       0x24 cmake/stm32cubemx/CMakeFiles/STM32_Drivers.dir/__/__/Drivers/STM32F1xx_HAL_Driver/Src/stm32f1xx_hal.c.obj
                0x080018e0                HAL_IncTick
 .text.HAL_GetTick
                0x08001904       0x14 cmake/stm32cubemx/CMakeFiles/STM32_Drivers.dir/__/__/Drivers/STM32F1xx_HAL_Driver/Src/stm32f1xx_hal.c.obj
                0x08001904                HAL_GetTick
 .text.HAL_RCC_OscConfig
                0x08001918      0x6dc cmake/stm32cubemx/CMakeFiles/STM32_Drivers.dir/__/__/Drivers/STM32F1xx_HAL_Driver/Src/stm32f1xx_hal_rcc.c.obj
                0x08001918                HAL_RCC_OscConfig
 .text.HAL_RCC_ClockConfig
                0x08001ff4      0x320 cmake/stm32cubemx/CMakeFiles/STM32_Drivers.dir/__/__/Drivers/STM32F1xx_HAL_Driver/Src/stm32f1xx_hal_rcc.c.obj
                0x08001ff4                HAL_RCC_ClockConfig
 .text.HAL_RCC_GetSysClockFreq
                0x08002314       0xa8 cmake/stm32cubemx/CMakeFiles/STM32_Drivers.dir/__/__/Drivers/STM32F1xx_HAL_Driver/Src/stm32f1xx_hal_rcc.c.obj
                0x08002314                HAL_RCC_GetSysClockFreq
 .text.HAL_RCC_GetHCLKFreq
                0x080023bc       0x14 cmake/stm32cubemx/CMakeFiles/STM32_Drivers.dir/__/__/Drivers/STM32F1xx_HAL_Driver/Src/stm32f1xx_hal_rcc.c.obj
                0x080023bc                HAL_RCC_GetHCLKFreq
 .text.HAL_RCC_GetPCLK1Freq
                0x080023d0       0x28 cmake/stm32cubemx/CMakeFiles/STM32_Drivers.dir/__/__/Drivers/STM32F1xx_HAL_Driver/Src/stm32f1xx_hal_rcc.c.obj
                0x080023d0                HAL_RCC_GetPCLK1Freq
 .text.HAL_RCC_GetPCLK2Freq
                0x080023f8       0x28 cmake/stm32cubemx/CMakeFiles/STM32_Drivers.dir/__/__/Drivers/STM32F1xx_HAL_Driver/Src/stm32f1xx_hal_rcc.c.obj
                0x080023f8                HAL_RCC_GetPCLK2Freq
 .text.RCC_Delay
                0x08002420       0x3c cmake/stm32cubemx/CMakeFiles/STM32_Drivers.dir/__/__/Drivers/STM32F1xx_HAL_Driver/Src/stm32f1xx_hal_rcc.c.obj
 .text.HAL_GPIO_Init
                0x0800245c      0x4dc cmake/stm32cubemx/CMakeFiles/STM32_Drivers.dir/__/__/Drivers/STM32F1xx_HAL_Driver/Src/stm32f1xx_hal_gpio.c.obj
                0x0800245c                HAL_GPIO_Init
 .text.HAL_GPIO_WritePin
                0x08002938       0x58 cmake/stm32cubemx/CMakeFiles/STM32_Drivers.dir/__/__/Drivers/STM32F1xx_HAL_Driver/Src/stm32f1xx_hal_gpio.c.obj
                0x08002938                HAL_GPIO_WritePin
 .text.HAL_GPIO_TogglePin
                0x08002990       0x44 cmake/stm32cubemx/CMakeFiles/STM32_Drivers.dir/__/__/Drivers/STM32F1xx_HAL_Driver/Src/stm32f1xx_hal_gpio.c.obj
                0x08002990                HAL_GPIO_TogglePin
 .text.HAL_DMA_Abort
                0x080029d4       0x76 cmake/stm32cubemx/CMakeFiles/STM32_Drivers.dir/__/__/Drivers/STM32F1xx_HAL_Driver/Src/stm32f1xx_hal_dma.c.obj
                0x080029d4                HAL_DMA_Abort
 *fill*         0x08002a4a        0x2 
 .text.HAL_DMA_Abort_IT
                0x08002a4c       0xf0 cmake/stm32cubemx/CMakeFiles/STM32_Drivers.dir/__/__/Drivers/STM32F1xx_HAL_Driver/Src/stm32f1xx_hal_dma.c.obj
                0x08002a4c                HAL_DMA_Abort_IT
 .text.__NVIC_SetPriorityGrouping
                0x08002b3c       0x48 cmake/stm32cubemx/CMakeFiles/STM32_Drivers.dir/__/__/Drivers/STM32F1xx_HAL_Driver/Src/stm32f1xx_hal_cortex.c.obj
 .text.__NVIC_GetPriorityGrouping
                0x08002b84       0x1c cmake/stm32cubemx/CMakeFiles/STM32_Drivers.dir/__/__/Drivers/STM32F1xx_HAL_Driver/Src/stm32f1xx_hal_cortex.c.obj
 .text.__NVIC_EnableIRQ
                0x08002ba0       0x38 cmake/stm32cubemx/CMakeFiles/STM32_Drivers.dir/__/__/Drivers/STM32F1xx_HAL_Driver/Src/stm32f1xx_hal_cortex.c.obj
 .text.__NVIC_SetPriority
                0x08002bd8       0x54 cmake/stm32cubemx/CMakeFiles/STM32_Drivers.dir/__/__/Drivers/STM32F1xx_HAL_Driver/Src/stm32f1xx_hal_cortex.c.obj
 .text.NVIC_EncodePriority
                0x08002c2c       0x64 cmake/stm32cubemx/CMakeFiles/STM32_Drivers.dir/__/__/Drivers/STM32F1xx_HAL_Driver/Src/stm32f1xx_hal_cortex.c.obj
 .text.SysTick_Config
                0x08002c90       0x44 cmake/stm32cubemx/CMakeFiles/STM32_Drivers.dir/__/__/Drivers/STM32F1xx_HAL_Driver/Src/stm32f1xx_hal_cortex.c.obj
 .text.HAL_NVIC_SetPriorityGrouping
                0x08002cd4       0x40 cmake/stm32cubemx/CMakeFiles/STM32_Drivers.dir/__/__/Drivers/STM32F1xx_HAL_Driver/Src/stm32f1xx_hal_cortex.c.obj
                0x08002cd4                HAL_NVIC_SetPriorityGrouping
 .text.HAL_NVIC_SetPriority
                0x08002d14       0x58 cmake/stm32cubemx/CMakeFiles/STM32_Drivers.dir/__/__/Drivers/STM32F1xx_HAL_Driver/Src/stm32f1xx_hal_cortex.c.obj
                0x08002d14                HAL_NVIC_SetPriority
 .text.HAL_NVIC_EnableIRQ
                0x08002d6c       0x30 cmake/stm32cubemx/CMakeFiles/STM32_Drivers.dir/__/__/Drivers/STM32F1xx_HAL_Driver/Src/stm32f1xx_hal_cortex.c.obj
                0x08002d6c                HAL_NVIC_EnableIRQ
 .text.HAL_SYSTICK_Config
                0x08002d9c       0x18 cmake/stm32cubemx/CMakeFiles/STM32_Drivers.dir/__/__/Drivers/STM32F1xx_HAL_Driver/Src/stm32f1xx_hal_cortex.c.obj
                0x08002d9c                HAL_SYSTICK_Config
 .text.HAL_TIM_Base_Init
                0x08002db4      0x170 cmake/stm32cubemx/CMakeFiles/STM32_Drivers.dir/__/__/Drivers/STM32F1xx_HAL_Driver/Src/stm32f1xx_hal_tim.c.obj
                0x08002db4                HAL_TIM_Base_Init
 .text.HAL_TIM_Base_Start_IT
                0x08002f24       0xd8 cmake/stm32cubemx/CMakeFiles/STM32_Drivers.dir/__/__/Drivers/STM32F1xx_HAL_Driver/Src/stm32f1xx_hal_tim.c.obj
                0x08002f24                HAL_TIM_Base_Start_IT
 .text.HAL_TIM_IRQHandler
                0x08002ffc      0x1e0 cmake/stm32cubemx/CMakeFiles/STM32_Drivers.dir/__/__/Drivers/STM32F1xx_HAL_Driver/Src/stm32f1xx_hal_tim.c.obj
                0x08002ffc                HAL_TIM_IRQHandler
 .text.HAL_TIM_ConfigClockSource
                0x080031dc      0x564 cmake/stm32cubemx/CMakeFiles/STM32_Drivers.dir/__/__/Drivers/STM32F1xx_HAL_Driver/Src/stm32f1xx_hal_tim.c.obj
                0x080031dc                HAL_TIM_ConfigClockSource
 .text.HAL_TIM_OC_DelayElapsedCallback
                0x08003740       0x12 cmake/stm32cubemx/CMakeFiles/STM32_Drivers.dir/__/__/Drivers/STM32F1xx_HAL_Driver/Src/stm32f1xx_hal_tim.c.obj
                0x08003740                HAL_TIM_OC_DelayElapsedCallback
 .text.HAL_TIM_IC_CaptureCallback
                0x08003752       0x12 cmake/stm32cubemx/CMakeFiles/STM32_Drivers.dir/__/__/Drivers/STM32F1xx_HAL_Driver/Src/stm32f1xx_hal_tim.c.obj
                0x08003752                HAL_TIM_IC_CaptureCallback
 .text.HAL_TIM_PWM_PulseFinishedCallback
                0x08003764       0x12 cmake/stm32cubemx/CMakeFiles/STM32_Drivers.dir/__/__/Drivers/STM32F1xx_HAL_Driver/Src/stm32f1xx_hal_tim.c.obj
                0x08003764                HAL_TIM_PWM_PulseFinishedCallback
 .text.HAL_TIM_TriggerCallback
                0x08003776       0x12 cmake/stm32cubemx/CMakeFiles/STM32_Drivers.dir/__/__/Drivers/STM32F1xx_HAL_Driver/Src/stm32f1xx_hal_tim.c.obj
                0x08003776                HAL_TIM_TriggerCallback
 .text.TIM_Base_SetConfig
                0x08003788       0xdc cmake/stm32cubemx/CMakeFiles/STM32_Drivers.dir/__/__/Drivers/STM32F1xx_HAL_Driver/Src/stm32f1xx_hal_tim.c.obj
                0x08003788                TIM_Base_SetConfig
 .text.TIM_TI1_ConfigInputStage
                0x08003864       0x5c cmake/stm32cubemx/CMakeFiles/STM32_Drivers.dir/__/__/Drivers/STM32F1xx_HAL_Driver/Src/stm32f1xx_hal_tim.c.obj
 .text.TIM_TI2_ConfigInputStage
                0x080038c0       0x5e cmake/stm32cubemx/CMakeFiles/STM32_Drivers.dir/__/__/Drivers/STM32F1xx_HAL_Driver/Src/stm32f1xx_hal_tim.c.obj
 .text.TIM_ITRx_SetConfig
                0x0800391e       0x34 cmake/stm32cubemx/CMakeFiles/STM32_Drivers.dir/__/__/Drivers/STM32F1xx_HAL_Driver/Src/stm32f1xx_hal_tim.c.obj
 .text.TIM_ETR_SetConfig
                0x08003952       0x3e cmake/stm32cubemx/CMakeFiles/STM32_Drivers.dir/__/__/Drivers/STM32F1xx_HAL_Driver/Src/stm32f1xx_hal_tim.c.obj
                0x08003952                TIM_ETR_SetConfig
 .text.HAL_TIMEx_MasterConfigSynchronization
                0x08003990      0x154 cmake/stm32cubemx/CMakeFiles/STM32_Drivers.dir/__/__/Drivers/STM32F1xx_HAL_Driver/Src/stm32f1xx_hal_tim_ex.c.obj
                0x08003990                HAL_TIMEx_MasterConfigSynchronization
 .text.HAL_TIMEx_CommutCallback
                0x08003ae4       0x12 cmake/stm32cubemx/CMakeFiles/STM32_Drivers.dir/__/__/Drivers/STM32F1xx_HAL_Driver/Src/stm32f1xx_hal_tim_ex.c.obj
                0x08003ae4                HAL_TIMEx_CommutCallback
 .text.HAL_TIMEx_BreakCallback
                0x08003af6       0x12 cmake/stm32cubemx/CMakeFiles/STM32_Drivers.dir/__/__/Drivers/STM32F1xx_HAL_Driver/Src/stm32f1xx_hal_tim_ex.c.obj
                0x08003af6                HAL_TIMEx_BreakCallback
 .text.HAL_UART_Init
                0x08003b08      0x158 cmake/stm32cubemx/CMakeFiles/STM32_Drivers.dir/__/__/Drivers/STM32F1xx_HAL_Driver/Src/stm32f1xx_hal_uart.c.obj
                0x08003b08                HAL_UART_Init
 .text.HAL_UART_Transmit
                0x08003c60      0x116 cmake/stm32cubemx/CMakeFiles/STM32_Drivers.dir/__/__/Drivers/STM32F1xx_HAL_Driver/Src/stm32f1xx_hal_uart.c.obj
                0x08003c60                HAL_UART_Transmit
 .text.HAL_UART_Receive_IT
                0x08003d76       0x4a cmake/stm32cubemx/CMakeFiles/STM32_Drivers.dir/__/__/Drivers/STM32F1xx_HAL_Driver/Src/stm32f1xx_hal_uart.c.obj
                0x08003d76                HAL_UART_Receive_IT
 .text.HAL_UART_IRQHandler
                0x08003dc0      0x524 cmake/stm32cubemx/CMakeFiles/STM32_Drivers.dir/__/__/Drivers/STM32F1xx_HAL_Driver/Src/stm32f1xx_hal_uart.c.obj
                0x08003dc0                HAL_UART_IRQHandler
 .text.HAL_UART_TxCpltCallback
                0x080042e4       0x12 cmake/stm32cubemx/CMakeFiles/STM32_Drivers.dir/__/__/Drivers/STM32F1xx_HAL_Driver/Src/stm32f1xx_hal_uart.c.obj
                0x080042e4                HAL_UART_TxCpltCallback
 .text.HAL_UART_ErrorCallback
                0x080042f6       0x12 cmake/stm32cubemx/CMakeFiles/STM32_Drivers.dir/__/__/Drivers/STM32F1xx_HAL_Driver/Src/stm32f1xx_hal_uart.c.obj
                0x080042f6                HAL_UART_ErrorCallback
 .text.HAL_UARTEx_RxEventCallback
                0x08004308       0x16 cmake/stm32cubemx/CMakeFiles/STM32_Drivers.dir/__/__/Drivers/STM32F1xx_HAL_Driver/Src/stm32f1xx_hal_uart.c.obj
                0x08004308                HAL_UARTEx_RxEventCallback
 .text.UART_WaitOnFlagUntilTimeout
                0x0800431e       0xb2 cmake/stm32cubemx/CMakeFiles/STM32_Drivers.dir/__/__/Drivers/STM32F1xx_HAL_Driver/Src/stm32f1xx_hal_uart.c.obj
 .text.UART_Start_Receive_IT
                0x080043d0       0x72 cmake/stm32cubemx/CMakeFiles/STM32_Drivers.dir/__/__/Drivers/STM32F1xx_HAL_Driver/Src/stm32f1xx_hal_uart.c.obj
                0x080043d0                UART_Start_Receive_IT
 .text.UART_EndRxTransfer
                0x08004442       0xc4 cmake/stm32cubemx/CMakeFiles/STM32_Drivers.dir/__/__/Drivers/STM32F1xx_HAL_Driver/Src/stm32f1xx_hal_uart.c.obj
 .text.UART_DMAAbortOnError
                0x08004506       0x28 cmake/stm32cubemx/CMakeFiles/STM32_Drivers.dir/__/__/Drivers/STM32F1xx_HAL_Driver/Src/stm32f1xx_hal_uart.c.obj
 .text.UART_Transmit_IT
                0x0800452e       0x9e cmake/stm32cubemx/CMakeFiles/STM32_Drivers.dir/__/__/Drivers/STM32F1xx_HAL_Driver/Src/stm32f1xx_hal_uart.c.obj
 .text.UART_EndTransmit_IT
                0x080045cc       0x30 cmake/stm32cubemx/CMakeFiles/STM32_Drivers.dir/__/__/Drivers/STM32F1xx_HAL_Driver/Src/stm32f1xx_hal_uart.c.obj
 .text.UART_Receive_IT
                0x080045fc      0x17c cmake/stm32cubemx/CMakeFiles/STM32_Drivers.dir/__/__/Drivers/STM32F1xx_HAL_Driver/Src/stm32f1xx_hal_uart.c.obj
 .text.UART_SetConfig
                0x08004778      0x19c cmake/stm32cubemx/CMakeFiles/STM32_Drivers.dir/__/__/Drivers/STM32F1xx_HAL_Driver/Src/stm32f1xx_hal_uart.c.obj
 .text.MX_CAN_Init
                0x08004914       0x70 CMakeFiles/hw_work1.dir/Core/Src/can.c.obj
                0x08004914                MX_CAN_Init
 .text.HAL_CAN_MspInit
                0x08004984       0xa8 CMakeFiles/hw_work1.dir/Core/Src/can.c.obj
                0x08004984                HAL_CAN_MspInit
 .text.MX_GPIO_Init
                0x08004a2c       0xf8 CMakeFiles/hw_work1.dir/Core/Src/gpio.c.obj
                0x08004a2c                MX_GPIO_Init
 .text.main     0x08004b24       0x28 CMakeFiles/hw_work1.dir/Core/Src/main.c.obj
                0x08004b24                main
 .text.SystemClock_Config
                0x08004b4c       0x8a CMakeFiles/hw_work1.dir/Core/Src/main.c.obj
                0x08004b4c                SystemClock_Config
 .text.Error_Handler
                0x08004bd6        0xc CMakeFiles/hw_work1.dir/Core/Src/main.c.obj
                0x08004bd6                Error_Handler
 .text.assert_failed
                0x08004be2       0x14 CMakeFiles/hw_work1.dir/Core/Src/main.c.obj
                0x08004be2                assert_failed
 *fill*         0x08004bf6        0x2 
 .text.HAL_MspInit
                0x08004bf8       0x64 CMakeFiles/hw_work1.dir/Core/Src/stm32f1xx_hal_msp.c.obj
                0x08004bf8                HAL_MspInit
 .text.NMI_Handler
                0x08004c5c        0x8 CMakeFiles/hw_work1.dir/Core/Src/stm32f1xx_it.c.obj
                0x08004c5c                NMI_Handler
 .text.HardFault_Handler
                0x08004c64        0x8 CMakeFiles/hw_work1.dir/Core/Src/stm32f1xx_it.c.obj
                0x08004c64                HardFault_Handler
 .text.MemManage_Handler
                0x08004c6c        0x8 CMakeFiles/hw_work1.dir/Core/Src/stm32f1xx_it.c.obj
                0x08004c6c                MemManage_Handler
 .text.BusFault_Handler
                0x08004c74        0x8 CMakeFiles/hw_work1.dir/Core/Src/stm32f1xx_it.c.obj
                0x08004c74                BusFault_Handler
 .text.UsageFault_Handler
                0x08004c7c        0x8 CMakeFiles/hw_work1.dir/Core/Src/stm32f1xx_it.c.obj
                0x08004c7c                UsageFault_Handler
 .text.SVC_Handler
                0x08004c84        0xc CMakeFiles/hw_work1.dir/Core/Src/stm32f1xx_it.c.obj
                0x08004c84                SVC_Handler
 .text.DebugMon_Handler
                0x08004c90        0xc CMakeFiles/hw_work1.dir/Core/Src/stm32f1xx_it.c.obj
                0x08004c90                DebugMon_Handler
 .text.PendSV_Handler
                0x08004c9c        0xc CMakeFiles/hw_work1.dir/Core/Src/stm32f1xx_it.c.obj
                0x08004c9c                PendSV_Handler
 .text.SysTick_Handler
                0x08004ca8        0xc CMakeFiles/hw_work1.dir/Core/Src/stm32f1xx_it.c.obj
                0x08004ca8                SysTick_Handler
 .text.USB_LP_CAN1_RX0_IRQHandler
                0x08004cb4       0x14 CMakeFiles/hw_work1.dir/Core/Src/stm32f1xx_it.c.obj
                0x08004cb4                USB_LP_CAN1_RX0_IRQHandler
 .text.TIM3_IRQHandler
                0x08004cc8       0x14 CMakeFiles/hw_work1.dir/Core/Src/stm32f1xx_it.c.obj
                0x08004cc8                TIM3_IRQHandler
 .text.USART1_IRQHandler
                0x08004cdc       0x14 CMakeFiles/hw_work1.dir/Core/Src/stm32f1xx_it.c.obj
                0x08004cdc                USART1_IRQHandler
 .text.USART2_IRQHandler
                0x08004cf0       0x14 CMakeFiles/hw_work1.dir/Core/Src/stm32f1xx_it.c.obj
                0x08004cf0                USART2_IRQHandler
 .text.MX_TIM3_Init
                0x08004d04       0x9c CMakeFiles/hw_work1.dir/Core/Src/tim.c.obj
                0x08004d04                MX_TIM3_Init
 .text.HAL_TIM_Base_MspInit
                0x08004da0       0x4c CMakeFiles/hw_work1.dir/Core/Src/tim.c.obj
                0x08004da0                HAL_TIM_Base_MspInit
 .text.MX_USART1_UART_Init
                0x08004dec       0x54 CMakeFiles/hw_work1.dir/Core/Src/usart.c.obj
                0x08004dec                MX_USART1_UART_Init
 .text.MX_USART2_UART_Init
                0x08004e40       0x54 CMakeFiles/hw_work1.dir/Core/Src/usart.c.obj
                0x08004e40                MX_USART2_UART_Init
 .text.HAL_UART_MspInit
                0x08004e94      0x128 CMakeFiles/hw_work1.dir/Core/Src/usart.c.obj
                0x08004e94                HAL_UART_MspInit
 .text.MainInit
                0x08004fbc       0x48 CMakeFiles/hw_work1.dir/Tasks/main_task.cpp.obj
                0x08004fbc                MainInit
 .text.MainTask
                0x08005004      0x1a0 CMakeFiles/hw_work1.dir/Tasks/main_task.cpp.obj
                0x08005004                MainTask
 .text.UART_Encode_Data
                0x080051a4       0x98 CMakeFiles/hw_work1.dir/Tasks/main_task.cpp.obj
                0x080051a4                UART_Encode_Data
 .text._Z16UART_Decode_DataPKh
                0x0800523c       0x78 CMakeFiles/hw_work1.dir/Tasks/main_task.cpp.obj
                0x0800523c                UART_Decode_Data(unsigned char const*)
 .text.UART_Receive_StateMachine
                0x080052b4       0xc8 CMakeFiles/hw_work1.dir/Tasks/main_task.cpp.obj
                0x080052b4                UART_Receive_StateMachine
 .text.CAN_Encode_Data
                0x0800537c       0xc0 CMakeFiles/hw_work1.dir/Tasks/main_task.cpp.obj
                0x0800537c                CAN_Encode_Data
 .text.CAN_Decode_Data
                0x0800543c       0xec CMakeFiles/hw_work1.dir/Tasks/main_task.cpp.obj
                0x0800543c                CAN_Decode_Data
 .text.HAL_TIM_PeriodElapsedCallback
                0x08005528       0x20 CMakeFiles/hw_work1.dir/Tasks/main_task.cpp.obj
                0x08005528                HAL_TIM_PeriodElapsedCallback
 .text.HAL_UART_RxCpltCallback
                0x08005548       0x34 CMakeFiles/hw_work1.dir/Tasks/main_task.cpp.obj
                0x08005548                HAL_UART_RxCpltCallback
 .text._Z14CanFilter_InitP17CAN_HandleTypeDef
                0x0800557c       0x68 CMakeFiles/hw_work1.dir/Resources/HW_can.cpp.obj
                0x0800557c                CanFilter_Init(CAN_HandleTypeDef*)
 .text.HAL_CAN_RxFifo0MsgPendingCallback
                0x080055e4       0x4c CMakeFiles/hw_work1.dir/Resources/HW_can.cpp.obj
                0x080055e4                HAL_CAN_RxFifo0MsgPendingCallback
 .text._Z12CAN_Send_MsgP17CAN_HandleTypeDefPhmh
                0x08005630       0x78 CMakeFiles/hw_work1.dir/Resources/HW_can.cpp.obj
                0x08005630                CAN_Send_Msg(CAN_HandleTypeDef*, unsigned char*, unsigned long, unsigned char)
 .text.Reset_Handler
                0x080056a8       0x48 CMakeFiles/hw_work1.dir/startup_stm32f103xb.s.obj
                0x080056a8                Reset_Handler
 .text.Default_Handler
                0x080056f0        0x2 CMakeFiles/hw_work1.dir/startup_stm32f103xb.s.obj
                0x080056f0                RTC_Alarm_IRQHandler
                0x080056f0                EXTI2_IRQHandler
                0x080056f0                TIM1_CC_IRQHandler
                0x080056f0                PVD_IRQHandler
                0x080056f0                EXTI3_IRQHandler
                0x080056f0                EXTI0_IRQHandler
                0x080056f0                I2C2_EV_IRQHandler
                0x080056f0                ADC1_2_IRQHandler
                0x080056f0                SPI1_IRQHandler
                0x080056f0                TAMPER_IRQHandler
                0x080056f0                DMA1_Channel4_IRQHandler
                0x080056f0                USART3_IRQHandler
                0x080056f0                RTC_IRQHandler
                0x080056f0                DMA1_Channel7_IRQHandler
                0x080056f0                CAN1_RX1_IRQHandler
                0x080056f0                TIM4_IRQHandler
                0x080056f0                I2C1_EV_IRQHandler
                0x080056f0                DMA1_Channel6_IRQHandler
                0x080056f0                RCC_IRQHandler
                0x080056f0                TIM1_TRG_COM_IRQHandler
                0x080056f0                DMA1_Channel1_IRQHandler
                0x080056f0                Default_Handler
                0x080056f0                EXTI15_10_IRQHandler
                0x080056f0                EXTI9_5_IRQHandler
                0x080056f0                SPI2_IRQHandler
                0x080056f0                DMA1_Channel5_IRQHandler
                0x080056f0                EXTI4_IRQHandler
                0x080056f0                USB_HP_CAN1_TX_IRQHandler
                0x080056f0                DMA1_Channel3_IRQHandler
                0x080056f0                TIM1_UP_IRQHandler
                0x080056f0                WWDG_IRQHandler
                0x080056f0                TIM2_IRQHandler
                0x080056f0                TIM1_BRK_IRQHandler
                0x080056f0                EXTI1_IRQHandler
                0x080056f0                I2C2_ER_IRQHandler
                0x080056f0                DMA1_Channel2_IRQHandler
                0x080056f0                CAN1_SCE_IRQHandler
                0x080056f0                FLASH_IRQHandler
                0x080056f0                I2C1_ER_IRQHandler
                0x080056f0                USBWakeUp_IRQHandler
 *fill*         0x080056f2        0x2 
 .text.sinf     0x080056f4       0x6c F:/GNU Arm Embedded Toolchain/arm-gnu-toolchain-14.3.rel1-mingw-w64-i686-arm-none-eabi/bin/../lib/gcc/arm-none-eabi/14.3.1/../../../../arm-none-eabi/lib/thumb/v7-m/nofp\libm.a(libm_a-sf_sin.o)
                0x080056f4                sinf
 .text.__kernel_cosf
                0x08005760      0x190 F:/GNU Arm Embedded Toolchain/arm-gnu-toolchain-14.3.rel1-mingw-w64-i686-arm-none-eabi/bin/../lib/gcc/arm-none-eabi/14.3.1/../../../../arm-none-eabi/lib/thumb/v7-m/nofp\libm.a(libm_a-kf_cos.o)
                0x08005760                __kernel_cosf
 .text.__kernel_sinf
                0x080058f0       0xec F:/GNU Arm Embedded Toolchain/arm-gnu-toolchain-14.3.rel1-mingw-w64-i686-arm-none-eabi/bin/../lib/gcc/arm-none-eabi/14.3.1/../../../../arm-none-eabi/lib/thumb/v7-m/nofp\libm.a(libm_a-kf_sin.o)
                0x080058f0                __kernel_sinf
 .text.__ieee754_rem_pio2f
                0x080059dc      0x2dc F:/GNU Arm Embedded Toolchain/arm-gnu-toolchain-14.3.rel1-mingw-w64-i686-arm-none-eabi/bin/../lib/gcc/arm-none-eabi/14.3.1/../../../../arm-none-eabi/lib/thumb/v7-m/nofp\libm.a(libm_a-ef_rem_pio2.o)
                0x080059dc                __ieee754_rem_pio2f
 .text.fabsf    0x08005cb8        0x8 F:/GNU Arm Embedded Toolchain/arm-gnu-toolchain-14.3.rel1-mingw-w64-i686-arm-none-eabi/bin/../lib/gcc/arm-none-eabi/14.3.1/../../../../arm-none-eabi/lib/thumb/v7-m/nofp\libm.a(libm_a-sf_fabs.o)
                0x08005cb8                fabsf
 .text.__kernel_rem_pio2f
                0x08005cc0      0x770 F:/GNU Arm Embedded Toolchain/arm-gnu-toolchain-14.3.rel1-mingw-w64-i686-arm-none-eabi/bin/../lib/gcc/arm-none-eabi/14.3.1/../../../../arm-none-eabi/lib/thumb/v7-m/nofp\libm.a(libm_a-kf_rem_pio2.o)
                0x08005cc0                __kernel_rem_pio2f
 .text.scalbnf  0x08006430       0xb0 F:/GNU Arm Embedded Toolchain/arm-gnu-toolchain-14.3.rel1-mingw-w64-i686-arm-none-eabi/bin/../lib/gcc/arm-none-eabi/14.3.1/../../../../arm-none-eabi/lib/thumb/v7-m/nofp\libm.a(libm_a-sf_scalbn.o)
                0x08006430                scalbnf
 .text.floorf   0x080064e0       0x8c F:/GNU Arm Embedded Toolchain/arm-gnu-toolchain-14.3.rel1-mingw-w64-i686-arm-none-eabi/bin/../lib/gcc/arm-none-eabi/14.3.1/../../../../arm-none-eabi/lib/thumb/v7-m/nofp\libm.a(libm_a-sf_floor.o)
                0x080064e0                floorf
 .text.memset   0x0800656c       0x10 F:/GNU Arm Embedded Toolchain/arm-gnu-toolchain-14.3.rel1-mingw-w64-i686-arm-none-eabi/bin/../lib/gcc/arm-none-eabi/14.3.1/../../../../arm-none-eabi/lib/thumb/v7-m/nofp\libg_nano.a(libc_a-memset.o)
                0x0800656c                memset
 .text.__libc_init_array
                0x0800657c       0x48 F:/GNU Arm Embedded Toolchain/arm-gnu-toolchain-14.3.rel1-mingw-w64-i686-arm-none-eabi/bin/../lib/gcc/arm-none-eabi/14.3.1/../../../../arm-none-eabi/lib/thumb/v7-m/nofp\libg_nano.a(libc_a-init.o)
                0x0800657c                __libc_init_array
 *(.glue_7)
 .glue_7        0x080065c4        0x0 linker stubs
 *(.glue_7t)
 .glue_7t       0x080065c4        0x0 linker stubs
 *(.eh_frame)
 .eh_frame      0x080065c4        0x0 F:/GNU Arm Embedded Toolchain/arm-gnu-toolchain-14.3.rel1-mingw-w64-i686-arm-none-eabi/bin/../lib/gcc/arm-none-eabi/14.3.1/thumb/v7-m/nofp/crtbegin.o
 *(.init)
 .init          0x080065c4        0x4 F:/GNU Arm Embedded Toolchain/arm-gnu-toolchain-14.3.rel1-mingw-w64-i686-arm-none-eabi/bin/../lib/gcc/arm-none-eabi/14.3.1/thumb/v7-m/nofp/crti.o
                0x080065c4                _init
 .init          0x080065c8        0x8 F:/GNU Arm Embedded Toolchain/arm-gnu-toolchain-14.3.rel1-mingw-w64-i686-arm-none-eabi/bin/../lib/gcc/arm-none-eabi/14.3.1/thumb/v7-m/nofp/crtn.o
 *(.fini)
 .fini          0x080065d0        0x4 F:/GNU Arm Embedded Toolchain/arm-gnu-toolchain-14.3.rel1-mingw-w64-i686-arm-none-eabi/bin/../lib/gcc/arm-none-eabi/14.3.1/thumb/v7-m/nofp/crti.o
                0x080065d0                _fini
 .fini          0x080065d4        0x8 F:/GNU Arm Embedded Toolchain/arm-gnu-toolchain-14.3.rel1-mingw-w64-i686-arm-none-eabi/bin/../lib/gcc/arm-none-eabi/14.3.1/thumb/v7-m/nofp/crtn.o
                0x080065dc                        . = ALIGN (0x4)
                0x080065dc                        _etext = .

.vfp11_veneer   0x080065dc        0x0
 .vfp11_veneer  0x080065dc        0x0 linker stubs

.v4_bx          0x080065dc        0x0
 .v4_bx         0x080065dc        0x0 linker stubs

.iplt           0x080065dc        0x0
 .iplt          0x080065dc        0x0 F:/GNU Arm Embedded Toolchain/arm-gnu-toolchain-14.3.rel1-mingw-w64-i686-arm-none-eabi/bin/../lib/gcc/arm-none-eabi/14.3.1/thumb/v7-m/nofp/crtbegin.o

.rodata         0x080065dc      0x688
                0x080065dc                        . = ALIGN (0x4)
 *(.rodata)
 .rodata        0x080065dc       0x5a cmake/stm32cubemx/CMakeFiles/STM32_Drivers.dir/__/__/Drivers/STM32F1xx_HAL_Driver/Src/stm32f1xx_hal_can.c.obj
 *fill*         0x08006636        0x2 
 .rodata        0x08006638       0x5a cmake/stm32cubemx/CMakeFiles/STM32_Drivers.dir/__/__/Drivers/STM32F1xx_HAL_Driver/Src/stm32f1xx_hal_rcc.c.obj
 *fill*         0x08006692        0x2 
 .rodata        0x08006694       0x5b cmake/stm32cubemx/CMakeFiles/STM32_Drivers.dir/__/__/Drivers/STM32F1xx_HAL_Driver/Src/stm32f1xx_hal_gpio.c.obj
 *fill*         0x080066ef        0x1 
 .rodata        0x080066f0       0x5d cmake/stm32cubemx/CMakeFiles/STM32_Drivers.dir/__/__/Drivers/STM32F1xx_HAL_Driver/Src/stm32f1xx_hal_cortex.c.obj
 *fill*         0x0800674d        0x3 
 .rodata        0x08006750       0x5a cmake/stm32cubemx/CMakeFiles/STM32_Drivers.dir/__/__/Drivers/STM32F1xx_HAL_Driver/Src/stm32f1xx_hal_tim.c.obj
 *fill*         0x080067aa        0x2 
 .rodata        0x080067ac       0x5d cmake/stm32cubemx/CMakeFiles/STM32_Drivers.dir/__/__/Drivers/STM32F1xx_HAL_Driver/Src/stm32f1xx_hal_tim_ex.c.obj
 *fill*         0x08006809        0x3 
 .rodata        0x0800680c       0x5b cmake/stm32cubemx/CMakeFiles/STM32_Drivers.dir/__/__/Drivers/STM32F1xx_HAL_Driver/Src/stm32f1xx_hal_uart.c.obj
 *(.rodata*)
 *fill*         0x08006867        0x1 
 .rodata.AHBPrescTable
                0x08006868       0x10 cmake/stm32cubemx/CMakeFiles/STM32_Drivers.dir/__/__/Core/Src/system_stm32f1xx.c.obj
                0x08006868                AHBPrescTable
 .rodata.APBPrescTable
                0x08006878        0x8 cmake/stm32cubemx/CMakeFiles/STM32_Drivers.dir/__/__/Core/Src/system_stm32f1xx.c.obj
                0x08006878                APBPrescTable
 .rodata.aPLLMULFactorTable.1
                0x08006880       0x10 cmake/stm32cubemx/CMakeFiles/STM32_Drivers.dir/__/__/Drivers/STM32F1xx_HAL_Driver/Src/stm32f1xx_hal_rcc.c.obj
 .rodata.aPredivFactorTable.0
                0x08006890        0x2 cmake/stm32cubemx/CMakeFiles/STM32_Drivers.dir/__/__/Drivers/STM32F1xx_HAL_Driver/Src/stm32f1xx_hal_rcc.c.obj
 *fill*         0x08006892        0x2 
 .rodata.npio2_hw
                0x08006894       0x80 F:/GNU Arm Embedded Toolchain/arm-gnu-toolchain-14.3.rel1-mingw-w64-i686-arm-none-eabi/bin/../lib/gcc/arm-none-eabi/14.3.1/../../../../arm-none-eabi/lib/thumb/v7-m/nofp\libm.a(libm_a-ef_rem_pio2.o)
 .rodata.two_over_pi
                0x08006914      0x318 F:/GNU Arm Embedded Toolchain/arm-gnu-toolchain-14.3.rel1-mingw-w64-i686-arm-none-eabi/bin/../lib/gcc/arm-none-eabi/14.3.1/../../../../arm-none-eabi/lib/thumb/v7-m/nofp\libm.a(libm_a-ef_rem_pio2.o)
 .rodata.PIo2   0x08006c2c       0x2c F:/GNU Arm Embedded Toolchain/arm-gnu-toolchain-14.3.rel1-mingw-w64-i686-arm-none-eabi/bin/../lib/gcc/arm-none-eabi/14.3.1/../../../../arm-none-eabi/lib/thumb/v7-m/nofp\libm.a(libm_a-kf_rem_pio2.o)
 .rodata.init_jk
                0x08006c58        0xc F:/GNU Arm Embedded Toolchain/arm-gnu-toolchain-14.3.rel1-mingw-w64-i686-arm-none-eabi/bin/../lib/gcc/arm-none-eabi/14.3.1/../../../../arm-none-eabi/lib/thumb/v7-m/nofp\libm.a(libm_a-kf_rem_pio2.o)
                0x08006c64                        . = ALIGN (0x4)

.ARM.extab      0x08006c64        0x0
                0x08006c64                        . = ALIGN (0x4)
 *(.ARM.extab* .gnu.linkonce.armextab.*)
                0x08006c64                        . = ALIGN (0x4)

.ARM            0x08006c64        0x0
                0x08006c64                        . = ALIGN (0x4)
                0x08006c64                        __exidx_start = .
 *(.ARM.exidx*)
                0x08006c64                        __exidx_end = .
                0x08006c64                        . = ALIGN (0x4)

.preinit_array  0x08006c64        0x0
                0x08006c64                        . = ALIGN (0x4)
                0x08006c64                        PROVIDE (__preinit_array_start = .)
 *(.preinit_array*)
                0x08006c64                        PROVIDE (__preinit_array_end = .)
                0x08006c64                        . = ALIGN (0x4)

.init_array     0x08006c64        0x4
                0x08006c64                        . = ALIGN (0x4)
                0x08006c64                        PROVIDE (__init_array_start = .)
 *(SORT_BY_NAME(.init_array.*))
 *(.init_array*)
 .init_array    0x08006c64        0x4 F:/GNU Arm Embedded Toolchain/arm-gnu-toolchain-14.3.rel1-mingw-w64-i686-arm-none-eabi/bin/../lib/gcc/arm-none-eabi/14.3.1/thumb/v7-m/nofp/crtbegin.o
                0x08006c68                        PROVIDE (__init_array_end = .)
                0x08006c68                        . = ALIGN (0x4)

.fini_array     0x08006c68        0x4
                0x08006c68                        . = ALIGN (0x4)
                [!provide]                        PROVIDE (__fini_array_start = .)
 *(SORT_BY_NAME(.fini_array.*))
 *(.fini_array*)
 .fini_array    0x08006c68        0x4 F:/GNU Arm Embedded Toolchain/arm-gnu-toolchain-14.3.rel1-mingw-w64-i686-arm-none-eabi/bin/../lib/gcc/arm-none-eabi/14.3.1/thumb/v7-m/nofp/crtbegin.o
                [!provide]                        PROVIDE (__fini_array_end = .)
                0x08006c6c                        . = ALIGN (0x4)
                0x08006c6c                        _sidata = LOADADDR (.data)

.rel.dyn        0x08006c6c        0x0
 .rel.iplt      0x08006c6c        0x0 F:/GNU Arm Embedded Toolchain/arm-gnu-toolchain-14.3.rel1-mingw-w64-i686-arm-none-eabi/bin/../lib/gcc/arm-none-eabi/14.3.1/thumb/v7-m/nofp/crtbegin.o

.data           0x20000000        0xc load address 0x08006c6c
                0x20000000                        . = ALIGN (0x4)
                0x20000000                        _sdata = .
 *(.data)
 *(.data*)
 .data.SystemCoreClock
                0x20000000        0x4 cmake/stm32cubemx/CMakeFiles/STM32_Drivers.dir/__/__/Core/Src/system_stm32f1xx.c.obj
                0x20000000                SystemCoreClock
 .data.uwTickPrio
                0x20000004        0x4 cmake/stm32cubemx/CMakeFiles/STM32_Drivers.dir/__/__/Drivers/STM32F1xx_HAL_Driver/Src/stm32f1xx_hal.c.obj
                0x20000004                uwTickPrio
 .data.uwTickFreq
                0x20000008        0x1 cmake/stm32cubemx/CMakeFiles/STM32_Drivers.dir/__/__/Drivers/STM32F1xx_HAL_Driver/Src/stm32f1xx_hal.c.obj
                0x20000008                uwTickFreq
 *(.RamFunc)
 *(.RamFunc*)
                0x2000000c                        . = ALIGN (0x4)
 *fill*         0x20000009        0x3 

.tm_clone_table
                0x2000000c        0x0 load address 0x08006c78
 .tm_clone_table
                0x2000000c        0x0 F:/GNU Arm Embedded Toolchain/arm-gnu-toolchain-14.3.rel1-mingw-w64-i686-arm-none-eabi/bin/../lib/gcc/arm-none-eabi/14.3.1/thumb/v7-m/nofp/crtbegin.o
 .tm_clone_table
                0x2000000c        0x0 F:/GNU Arm Embedded Toolchain/arm-gnu-toolchain-14.3.rel1-mingw-w64-i686-arm-none-eabi/bin/../lib/gcc/arm-none-eabi/14.3.1/thumb/v7-m/nofp/crtend.o

.igot.plt       0x2000000c        0x0 load address 0x08006c78
 .igot.plt      0x2000000c        0x0 F:/GNU Arm Embedded Toolchain/arm-gnu-toolchain-14.3.rel1-mingw-w64-i686-arm-none-eabi/bin/../lib/gcc/arm-none-eabi/14.3.1/thumb/v7-m/nofp/crtbegin.o

.tdata          0x2000000c        0x0 load address 0x08006c78
 *(.tdata .tdata.* .gnu.linkonce.td.*)
                0x2000000c                        . = ALIGN (0x4)
                0x2000000c                        _edata = .
                [!provide]                        PROVIDE (__data_end = .)
                [!provide]                        PROVIDE (__tdata_end = .)
                [!provide]                        PROVIDE (__tdata_start = ADDR (.tdata))
                [!provide]                        PROVIDE (__tdata_size = (__tdata_end - __tdata_start))
                [!provide]                        PROVIDE (__data_start = ADDR (.data))
                [!provide]                        PROVIDE (__data_size = (__data_end - __data_start))
                [!provide]                        PROVIDE (__tdata_source = LOADADDR (.tdata))
                [!provide]                        PROVIDE (__tdata_source_end = (LOADADDR (.tdata) + SIZEOF (.tdata)))
                [!provide]                        PROVIDE (__tdata_source_size = (__tdata_source_end - __tdata_source))
                [!provide]                        PROVIDE (__data_source = LOADADDR (.data))
                [!provide]                        PROVIDE (__data_source_end = __tdata_source_end)
                [!provide]                        PROVIDE (__data_source_size = (__data_source_end - __data_source))

.tbss           0x2000000c        0x0 load address 0x08006c78
                0x2000000c                        _sbss = .
                0x2000000c                        __bss_start__ = _sbss
 *(.tbss .tbss.*)
                0x2000000c                        . = ALIGN (0x4)
                [!provide]                        PROVIDE (__tbss_end = .)
                [!provide]                        PROVIDE (__tbss_start = ADDR (.tbss))
                [!provide]                        PROVIDE (__tbss_size = (__tbss_end - __tbss_start))
                [!provide]                        PROVIDE (__tbss_offset = (ADDR (.tbss) - ADDR (.tdata)))
                [!provide]                        PROVIDE (__tls_base = __tdata_start)
                [!provide]                        PROVIDE (__tls_end = __tbss_end)
                [!provide]                        PROVIDE (__tls_size = (__tls_end - __tls_base))
                [!provide]                        PROVIDE (__tls_align = MAX (ALIGNOF (.tdata), ALIGNOF (.tbss)))
                [!provide]                        PROVIDE (__tls_size_align = (((__tls_size + __tls_align) - 0x1) & ~ ((__tls_align - 0x1))))
                [!provide]                        PROVIDE (__arm32_tls_tcb_offset = MAX (0x8, __tls_align))
                [!provide]                        PROVIDE (__arm64_tls_tcb_offset = MAX (0x10, __tls_align))

.bss            0x2000000c      0x190 load address 0x08006c78
 *(.bss)
 *(.bss*)
 .bss.completed.1
                0x2000000c        0x1 F:/GNU Arm Embedded Toolchain/arm-gnu-toolchain-14.3.rel1-mingw-w64-i686-arm-none-eabi/bin/../lib/gcc/arm-none-eabi/14.3.1/thumb/v7-m/nofp/crtbegin.o
 *fill*         0x2000000d        0x3 
 .bss.object.0  0x20000010       0x18 F:/GNU Arm Embedded Toolchain/arm-gnu-toolchain-14.3.rel1-mingw-w64-i686-arm-none-eabi/bin/../lib/gcc/arm-none-eabi/14.3.1/thumb/v7-m/nofp/crtbegin.o
 .bss.uwTick    0x20000028        0x4 cmake/stm32cubemx/CMakeFiles/STM32_Drivers.dir/__/__/Drivers/STM32F1xx_HAL_Driver/Src/stm32f1xx_hal.c.obj
                0x20000028                uwTick
 .bss.hcan      0x2000002c       0x28 CMakeFiles/hw_work1.dir/Core/Src/can.c.obj
                0x2000002c                hcan
 .bss.htim3     0x20000054       0x48 CMakeFiles/hw_work1.dir/Core/Src/tim.c.obj
                0x20000054                htim3
 .bss.huart1    0x2000009c       0x48 CMakeFiles/hw_work1.dir/Core/Src/usart.c.obj
                0x2000009c                huart1
 .bss.huart2    0x200000e4       0x48 CMakeFiles/hw_work1.dir/Core/Src/usart.c.obj
                0x200000e4                huart2
 .bss.tick      0x2000012c        0x4 CMakeFiles/hw_work1.dir/Tasks/main_task.cpp.obj
                0x2000012c                tick
 .bss.g_uart_rx_byte
                0x20000130        0x1 CMakeFiles/hw_work1.dir/Tasks/main_task.cpp.obj
                0x20000130                g_uart_rx_byte
 *fill*         0x20000131        0x3 
 .bss.g_uart_tx_data
                0x20000134        0x8 CMakeFiles/hw_work1.dir/Tasks/main_task.cpp.obj
                0x20000134                g_uart_tx_data
 .bss.g_uart_rx_data
                0x2000013c        0x8 CMakeFiles/hw_work1.dir/Tasks/main_task.cpp.obj
                0x2000013c                g_uart_rx_data
 .bss.g_can_tx_data
                0x20000144       0x10 CMakeFiles/hw_work1.dir/Tasks/main_task.cpp.obj
                0x20000144                g_can_tx_data
 .bss.g_can_rx_data
                0x20000154       0x10 CMakeFiles/hw_work1.dir/Tasks/main_task.cpp.obj
                0x20000154                g_can_rx_data
 .bss._ZZ25UART_Receive_StateMachineE5state
                0x20000164        0x1 CMakeFiles/hw_work1.dir/Tasks/main_task.cpp.obj
 *fill*         0x20000165        0x3 
 .bss._ZZ25UART_Receive_StateMachineE11data_buffer
                0x20000168        0x9 CMakeFiles/hw_work1.dir/Tasks/main_task.cpp.obj
 .bss._ZZ25UART_Receive_StateMachineE10data_count
                0x20000171        0x1 CMakeFiles/hw_work1.dir/Tasks/main_task.cpp.obj
 *fill*         0x20000172        0x2 
 .bss._ZL9rx_header
                0x20000174       0x1c CMakeFiles/hw_work1.dir/Resources/HW_can.cpp.obj
 .bss._ZL11can_rx_data
                0x20000190        0x8 CMakeFiles/hw_work1.dir/Resources/HW_can.cpp.obj
 .bss.pTxMailbox
                0x20000198        0x4 CMakeFiles/hw_work1.dir/Resources/HW_can.cpp.obj
                0x20000198                pTxMailbox
 *(COMMON)
                0x2000019c                        . = ALIGN (0x4)
                0x2000019c                        _ebss = .
                0x2000019c                        __bss_end__ = _ebss
                [!provide]                        PROVIDE (__bss_end = .)
                [!provide]                        PROVIDE (__non_tls_bss_start = ADDR (.bss))
                [!provide]                        PROVIDE (__bss_start = __tbss_start)
                [!provide]                        PROVIDE (__bss_size = (__bss_end - __bss_start))

._user_heap_stack
                0x2000019c      0x604 load address 0x08006c78
                0x200001a0                        . = ALIGN (0x8)
 *fill*         0x2000019c        0x4 
                [!provide]                        PROVIDE (end = .)
                0x200001a0                        PROVIDE (_end = .)
                0x200003a0                        . = (. + _Min_Heap_Size)
 *fill*         0x200001a0      0x200 
                0x200007a0                        . = (. + _Min_Stack_Size)
 *fill*         0x200003a0      0x400 
                0x200007a0                        . = ALIGN (0x8)

/DISCARD/
 libc.a:*(*)
 libm.a:*(*)
 libgcc.a:*(*)
OUTPUT(E:\works\CubeMX\projects\HW\hw_work1\build\hw_work1.elf elf32-littlearm)
LOAD linker stubs

.ARM.attributes
                0x00000000       0x29
 .ARM.attributes
                0x00000000       0x1d F:/GNU Arm Embedded Toolchain/arm-gnu-toolchain-14.3.rel1-mingw-w64-i686-arm-none-eabi/bin/../lib/gcc/arm-none-eabi/14.3.1/thumb/v7-m/nofp/crti.o
 .ARM.attributes
                0x0000001d       0x2d F:/GNU Arm Embedded Toolchain/arm-gnu-toolchain-14.3.rel1-mingw-w64-i686-arm-none-eabi/bin/../lib/gcc/arm-none-eabi/14.3.1/thumb/v7-m/nofp/crtbegin.o
 .ARM.attributes
                0x0000004a       0x2d cmake/stm32cubemx/CMakeFiles/STM32_Drivers.dir/__/__/Core/Src/system_stm32f1xx.c.obj
 .ARM.attributes
                0x00000077       0x2d cmake/stm32cubemx/CMakeFiles/STM32_Drivers.dir/__/__/Drivers/STM32F1xx_HAL_Driver/Src/stm32f1xx_hal_can.c.obj
 .ARM.attributes
                0x000000a4       0x2d cmake/stm32cubemx/CMakeFiles/STM32_Drivers.dir/__/__/Drivers/STM32F1xx_HAL_Driver/Src/stm32f1xx_hal.c.obj
 .ARM.attributes
                0x000000d1       0x2d cmake/stm32cubemx/CMakeFiles/STM32_Drivers.dir/__/__/Drivers/STM32F1xx_HAL_Driver/Src/stm32f1xx_hal_rcc.c.obj
 .ARM.attributes
                0x000000fe       0x2d cmake/stm32cubemx/CMakeFiles/STM32_Drivers.dir/__/__/Drivers/STM32F1xx_HAL_Driver/Src/stm32f1xx_hal_gpio.c.obj
 .ARM.attributes
                0x0000012b       0x2d cmake/stm32cubemx/CMakeFiles/STM32_Drivers.dir/__/__/Drivers/STM32F1xx_HAL_Driver/Src/stm32f1xx_hal_dma.c.obj
 .ARM.attributes
                0x00000158       0x2d cmake/stm32cubemx/CMakeFiles/STM32_Drivers.dir/__/__/Drivers/STM32F1xx_HAL_Driver/Src/stm32f1xx_hal_cortex.c.obj
 .ARM.attributes
                0x00000185       0x2d cmake/stm32cubemx/CMakeFiles/STM32_Drivers.dir/__/__/Drivers/STM32F1xx_HAL_Driver/Src/stm32f1xx_hal_tim.c.obj
 .ARM.attributes
                0x000001b2       0x2d cmake/stm32cubemx/CMakeFiles/STM32_Drivers.dir/__/__/Drivers/STM32F1xx_HAL_Driver/Src/stm32f1xx_hal_tim_ex.c.obj
 .ARM.attributes
                0x000001df       0x2d cmake/stm32cubemx/CMakeFiles/STM32_Drivers.dir/__/__/Drivers/STM32F1xx_HAL_Driver/Src/stm32f1xx_hal_uart.c.obj
 .ARM.attributes
                0x0000020c       0x2d CMakeFiles/hw_work1.dir/Core/Src/can.c.obj
 .ARM.attributes
                0x00000239       0x2d CMakeFiles/hw_work1.dir/Core/Src/gpio.c.obj
 .ARM.attributes
                0x00000266       0x2d CMakeFiles/hw_work1.dir/Core/Src/main.c.obj
 .ARM.attributes
                0x00000293       0x2d CMakeFiles/hw_work1.dir/Core/Src/stm32f1xx_hal_msp.c.obj
 .ARM.attributes
                0x000002c0       0x2d CMakeFiles/hw_work1.dir/Core/Src/stm32f1xx_it.c.obj
 .ARM.attributes
                0x000002ed       0x2d CMakeFiles/hw_work1.dir/Core/Src/tim.c.obj
 .ARM.attributes
                0x0000031a       0x2d CMakeFiles/hw_work1.dir/Core/Src/usart.c.obj
 .ARM.attributes
                0x00000347       0x2d CMakeFiles/hw_work1.dir/Tasks/main_task.cpp.obj
 .ARM.attributes
                0x00000374       0x2d CMakeFiles/hw_work1.dir/Resources/HW_can.cpp.obj
 .ARM.attributes
                0x000003a1       0x21 CMakeFiles/hw_work1.dir/startup_stm32f103xb.s.obj
 .ARM.attributes
                0x000003c2       0x2d F:/GNU Arm Embedded Toolchain/arm-gnu-toolchain-14.3.rel1-mingw-w64-i686-arm-none-eabi/bin/../lib/gcc/arm-none-eabi/14.3.1/../../../../arm-none-eabi/lib/thumb/v7-m/nofp\libm.a(libm_a-sf_sin.o)
 .ARM.attributes
                0x000003ef       0x2d F:/GNU Arm Embedded Toolchain/arm-gnu-toolchain-14.3.rel1-mingw-w64-i686-arm-none-eabi/bin/../lib/gcc/arm-none-eabi/14.3.1/../../../../arm-none-eabi/lib/thumb/v7-m/nofp\libm.a(libm_a-kf_cos.o)
 .ARM.attributes
                0x0000041c       0x2d F:/GNU Arm Embedded Toolchain/arm-gnu-toolchain-14.3.rel1-mingw-w64-i686-arm-none-eabi/bin/../lib/gcc/arm-none-eabi/14.3.1/../../../../arm-none-eabi/lib/thumb/v7-m/nofp\libm.a(libm_a-kf_sin.o)
 .ARM.attributes
                0x00000449       0x2d F:/GNU Arm Embedded Toolchain/arm-gnu-toolchain-14.3.rel1-mingw-w64-i686-arm-none-eabi/bin/../lib/gcc/arm-none-eabi/14.3.1/../../../../arm-none-eabi/lib/thumb/v7-m/nofp\libm.a(libm_a-ef_rem_pio2.o)
 .ARM.attributes
                0x00000476       0x2d F:/GNU Arm Embedded Toolchain/arm-gnu-toolchain-14.3.rel1-mingw-w64-i686-arm-none-eabi/bin/../lib/gcc/arm-none-eabi/14.3.1/../../../../arm-none-eabi/lib/thumb/v7-m/nofp\libm.a(libm_a-sf_fabs.o)
 .ARM.attributes
                0x000004a3       0x2d F:/GNU Arm Embedded Toolchain/arm-gnu-toolchain-14.3.rel1-mingw-w64-i686-arm-none-eabi/bin/../lib/gcc/arm-none-eabi/14.3.1/../../../../arm-none-eabi/lib/thumb/v7-m/nofp\libm.a(libm_a-kf_rem_pio2.o)
 .ARM.attributes
                0x000004d0       0x2d F:/GNU Arm Embedded Toolchain/arm-gnu-toolchain-14.3.rel1-mingw-w64-i686-arm-none-eabi/bin/../lib/gcc/arm-none-eabi/14.3.1/../../../../arm-none-eabi/lib/thumb/v7-m/nofp\libm.a(libm_a-sf_scalbn.o)
 .ARM.attributes
                0x000004fd       0x2d F:/GNU Arm Embedded Toolchain/arm-gnu-toolchain-14.3.rel1-mingw-w64-i686-arm-none-eabi/bin/../lib/gcc/arm-none-eabi/14.3.1/../../../../arm-none-eabi/lib/thumb/v7-m/nofp\libm.a(libm_a-sf_floor.o)
 .ARM.attributes
                0x0000052a       0x1d F:/GNU Arm Embedded Toolchain/arm-gnu-toolchain-14.3.rel1-mingw-w64-i686-arm-none-eabi/bin/../lib/gcc/arm-none-eabi/14.3.1/thumb/v7-m/nofp\libgcc.a(_arm_addsubsf3.o)
 .ARM.attributes
                0x00000547       0x1d F:/GNU Arm Embedded Toolchain/arm-gnu-toolchain-14.3.rel1-mingw-w64-i686-arm-none-eabi/bin/../lib/gcc/arm-none-eabi/14.3.1/thumb/v7-m/nofp\libgcc.a(_arm_muldivsf3.o)
 .ARM.attributes
                0x00000564       0x1d F:/GNU Arm Embedded Toolchain/arm-gnu-toolchain-14.3.rel1-mingw-w64-i686-arm-none-eabi/bin/../lib/gcc/arm-none-eabi/14.3.1/thumb/v7-m/nofp\libgcc.a(_arm_cmpsf2.o)
 .ARM.attributes
                0x00000581       0x1d F:/GNU Arm Embedded Toolchain/arm-gnu-toolchain-14.3.rel1-mingw-w64-i686-arm-none-eabi/bin/../lib/gcc/arm-none-eabi/14.3.1/thumb/v7-m/nofp\libgcc.a(_arm_fixsfsi.o)
 .ARM.attributes
                0x0000059e       0x2d F:/GNU Arm Embedded Toolchain/arm-gnu-toolchain-14.3.rel1-mingw-w64-i686-arm-none-eabi/bin/../lib/gcc/arm-none-eabi/14.3.1/../../../../arm-none-eabi/lib/thumb/v7-m/nofp\libg_nano.a(libc_a-memset.o)
 .ARM.attributes
                0x000005cb       0x2d F:/GNU Arm Embedded Toolchain/arm-gnu-toolchain-14.3.rel1-mingw-w64-i686-arm-none-eabi/bin/../lib/gcc/arm-none-eabi/14.3.1/../../../../arm-none-eabi/lib/thumb/v7-m/nofp\libg_nano.a(libc_a-init.o)
 .ARM.attributes
                0x000005f8       0x2d F:/GNU Arm Embedded Toolchain/arm-gnu-toolchain-14.3.rel1-mingw-w64-i686-arm-none-eabi/bin/../lib/gcc/arm-none-eabi/14.3.1/thumb/v7-m/nofp/crtend.o
 .ARM.attributes
                0x00000625       0x1d F:/GNU Arm Embedded Toolchain/arm-gnu-toolchain-14.3.rel1-mingw-w64-i686-arm-none-eabi/bin/../lib/gcc/arm-none-eabi/14.3.1/thumb/v7-m/nofp/crtn.o

.comment        0x00000000       0x46
 .comment       0x00000000       0x46 cmake/stm32cubemx/CMakeFiles/STM32_Drivers.dir/__/__/Core/Src/system_stm32f1xx.c.obj
                                 0x47 (size before relaxing)
 .comment       0x00000046       0x47 cmake/stm32cubemx/CMakeFiles/STM32_Drivers.dir/__/__/Drivers/STM32F1xx_HAL_Driver/Src/stm32f1xx_hal_can.c.obj
 .comment       0x00000046       0x47 cmake/stm32cubemx/CMakeFiles/STM32_Drivers.dir/__/__/Drivers/STM32F1xx_HAL_Driver/Src/stm32f1xx_hal.c.obj
 .comment       0x00000046       0x47 cmake/stm32cubemx/CMakeFiles/STM32_Drivers.dir/__/__/Drivers/STM32F1xx_HAL_Driver/Src/stm32f1xx_hal_rcc.c.obj
 .comment       0x00000046       0x47 cmake/stm32cubemx/CMakeFiles/STM32_Drivers.dir/__/__/Drivers/STM32F1xx_HAL_Driver/Src/stm32f1xx_hal_gpio.c.obj
 .comment       0x00000046       0x47 cmake/stm32cubemx/CMakeFiles/STM32_Drivers.dir/__/__/Drivers/STM32F1xx_HAL_Driver/Src/stm32f1xx_hal_dma.c.obj
 .comment       0x00000046       0x47 cmake/stm32cubemx/CMakeFiles/STM32_Drivers.dir/__/__/Drivers/STM32F1xx_HAL_Driver/Src/stm32f1xx_hal_cortex.c.obj
 .comment       0x00000046       0x47 cmake/stm32cubemx/CMakeFiles/STM32_Drivers.dir/__/__/Drivers/STM32F1xx_HAL_Driver/Src/stm32f1xx_hal_tim.c.obj
 .comment       0x00000046       0x47 cmake/stm32cubemx/CMakeFiles/STM32_Drivers.dir/__/__/Drivers/STM32F1xx_HAL_Driver/Src/stm32f1xx_hal_tim_ex.c.obj
 .comment       0x00000046       0x47 cmake/stm32cubemx/CMakeFiles/STM32_Drivers.dir/__/__/Drivers/STM32F1xx_HAL_Driver/Src/stm32f1xx_hal_uart.c.obj
 .comment       0x00000046       0x47 CMakeFiles/hw_work1.dir/Core/Src/can.c.obj
 .comment       0x00000046       0x47 CMakeFiles/hw_work1.dir/Core/Src/gpio.c.obj
 .comment       0x00000046       0x47 CMakeFiles/hw_work1.dir/Core/Src/main.c.obj
 .comment       0x00000046       0x47 CMakeFiles/hw_work1.dir/Core/Src/stm32f1xx_hal_msp.c.obj
 .comment       0x00000046       0x47 CMakeFiles/hw_work1.dir/Core/Src/stm32f1xx_it.c.obj
 .comment       0x00000046       0x47 CMakeFiles/hw_work1.dir/Core/Src/tim.c.obj
 .comment       0x00000046       0x47 CMakeFiles/hw_work1.dir/Core/Src/usart.c.obj
 .comment       0x00000046       0x47 CMakeFiles/hw_work1.dir/Tasks/main_task.cpp.obj
 .comment       0x00000046       0x47 CMakeFiles/hw_work1.dir/Resources/HW_can.cpp.obj

.debug_info     0x00000000    0x10690
 .debug_info    0x00000000      0x222 cmake/stm32cubemx/CMakeFiles/STM32_Drivers.dir/__/__/Core/Src/system_stm32f1xx.c.obj
 .debug_info    0x00000222      0xf2f cmake/stm32cubemx/CMakeFiles/STM32_Drivers.dir/__/__/Drivers/STM32F1xx_HAL_Driver/Src/stm32f1xx_hal_can.c.obj
 .debug_info    0x00001151      0x73b cmake/stm32cubemx/CMakeFiles/STM32_Drivers.dir/__/__/Drivers/STM32F1xx_HAL_Driver/Src/stm32f1xx_hal.c.obj
 .debug_info    0x0000188c      0x7f0 cmake/stm32cubemx/CMakeFiles/STM32_Drivers.dir/__/__/Drivers/STM32F1xx_HAL_Driver/Src/stm32f1xx_hal_rcc.c.obj
 .debug_info    0x0000207c      0x5dc cmake/stm32cubemx/CMakeFiles/STM32_Drivers.dir/__/__/Drivers/STM32F1xx_HAL_Driver/Src/stm32f1xx_hal_gpio.c.obj
 .debug_info    0x00002658      0x707 cmake/stm32cubemx/CMakeFiles/STM32_Drivers.dir/__/__/Drivers/STM32F1xx_HAL_Driver/Src/stm32f1xx_hal_dma.c.obj
 .debug_info    0x00002d5f      0xaa1 cmake/stm32cubemx/CMakeFiles/STM32_Drivers.dir/__/__/Drivers/STM32F1xx_HAL_Driver/Src/stm32f1xx_hal_cortex.c.obj
 .debug_info    0x00003800     0x29c3 cmake/stm32cubemx/CMakeFiles/STM32_Drivers.dir/__/__/Drivers/STM32F1xx_HAL_Driver/Src/stm32f1xx_hal_tim.c.obj
 .debug_info    0x000061c3     0x14ef cmake/stm32cubemx/CMakeFiles/STM32_Drivers.dir/__/__/Drivers/STM32F1xx_HAL_Driver/Src/stm32f1xx_hal_tim_ex.c.obj
 .debug_info    0x000076b2     0x2f02 cmake/stm32cubemx/CMakeFiles/STM32_Drivers.dir/__/__/Drivers/STM32F1xx_HAL_Driver/Src/stm32f1xx_hal_uart.c.obj
 .debug_info    0x0000a5b4      0x867 CMakeFiles/hw_work1.dir/Core/Src/can.c.obj
 .debug_info    0x0000ae1b      0x2d3 CMakeFiles/hw_work1.dir/Core/Src/gpio.c.obj
 .debug_info    0x0000b0ee      0x306 CMakeFiles/hw_work1.dir/Core/Src/main.c.obj
 .debug_info    0x0000b3f4      0x1f1 CMakeFiles/hw_work1.dir/Core/Src/stm32f1xx_hal_msp.c.obj
 .debug_info    0x0000b5e5      0xd38 CMakeFiles/hw_work1.dir/Core/Src/stm32f1xx_it.c.obj
 .debug_info    0x0000c31d      0x9bb CMakeFiles/hw_work1.dir/Core/Src/tim.c.obj
 .debug_info    0x0000ccd8      0x982 CMakeFiles/hw_work1.dir/Core/Src/usart.c.obj
 .debug_info    0x0000d65a     0x2734 CMakeFiles/hw_work1.dir/Tasks/main_task.cpp.obj
 .debug_info    0x0000fd8e      0x8d2 CMakeFiles/hw_work1.dir/Resources/HW_can.cpp.obj
 .debug_info    0x00010660       0x30 CMakeFiles/hw_work1.dir/startup_stm32f103xb.s.obj

.debug_abbrev   0x00000000     0x28d9
 .debug_abbrev  0x00000000      0x13f cmake/stm32cubemx/CMakeFiles/STM32_Drivers.dir/__/__/Core/Src/system_stm32f1xx.c.obj
 .debug_abbrev  0x0000013f      0x237 cmake/stm32cubemx/CMakeFiles/STM32_Drivers.dir/__/__/Drivers/STM32F1xx_HAL_Driver/Src/stm32f1xx_hal_can.c.obj
 .debug_abbrev  0x00000376      0x209 cmake/stm32cubemx/CMakeFiles/STM32_Drivers.dir/__/__/Drivers/STM32F1xx_HAL_Driver/Src/stm32f1xx_hal.c.obj
 .debug_abbrev  0x0000057f      0x2ad cmake/stm32cubemx/CMakeFiles/STM32_Drivers.dir/__/__/Drivers/STM32F1xx_HAL_Driver/Src/stm32f1xx_hal_rcc.c.obj
 .debug_abbrev  0x0000082c      0x1e7 cmake/stm32cubemx/CMakeFiles/STM32_Drivers.dir/__/__/Drivers/STM32F1xx_HAL_Driver/Src/stm32f1xx_hal_gpio.c.obj
 .debug_abbrev  0x00000a13      0x220 cmake/stm32cubemx/CMakeFiles/STM32_Drivers.dir/__/__/Drivers/STM32F1xx_HAL_Driver/Src/stm32f1xx_hal_dma.c.obj
 .debug_abbrev  0x00000c33      0x2fa cmake/stm32cubemx/CMakeFiles/STM32_Drivers.dir/__/__/Drivers/STM32F1xx_HAL_Driver/Src/stm32f1xx_hal_cortex.c.obj
 .debug_abbrev  0x00000f2d      0x28b cmake/stm32cubemx/CMakeFiles/STM32_Drivers.dir/__/__/Drivers/STM32F1xx_HAL_Driver/Src/stm32f1xx_hal_tim.c.obj
 .debug_abbrev  0x000011b8      0x280 cmake/stm32cubemx/CMakeFiles/STM32_Drivers.dir/__/__/Drivers/STM32F1xx_HAL_Driver/Src/stm32f1xx_hal_tim_ex.c.obj
 .debug_abbrev  0x00001438      0x30d cmake/stm32cubemx/CMakeFiles/STM32_Drivers.dir/__/__/Drivers/STM32F1xx_HAL_Driver/Src/stm32f1xx_hal_uart.c.obj
 .debug_abbrev  0x00001745      0x232 CMakeFiles/hw_work1.dir/Core/Src/can.c.obj
 .debug_abbrev  0x00001977      0x13f CMakeFiles/hw_work1.dir/Core/Src/gpio.c.obj
 .debug_abbrev  0x00001ab6      0x186 CMakeFiles/hw_work1.dir/Core/Src/main.c.obj
 .debug_abbrev  0x00001c3c       0xdb CMakeFiles/hw_work1.dir/Core/Src/stm32f1xx_hal_msp.c.obj
 .debug_abbrev  0x00001d17      0x1f2 CMakeFiles/hw_work1.dir/Core/Src/stm32f1xx_it.c.obj
 .debug_abbrev  0x00001f09      0x20e CMakeFiles/hw_work1.dir/Core/Src/tim.c.obj
 .debug_abbrev  0x00002117      0x20b CMakeFiles/hw_work1.dir/Core/Src/usart.c.obj
 .debug_abbrev  0x00002322      0x3a2 CMakeFiles/hw_work1.dir/Tasks/main_task.cpp.obj
 .debug_abbrev  0x000026c4      0x1f1 CMakeFiles/hw_work1.dir/Resources/HW_can.cpp.obj
 .debug_abbrev  0x000028b5       0x24 CMakeFiles/hw_work1.dir/startup_stm32f103xb.s.obj

.debug_aranges  0x00000000      0xe30
 .debug_aranges
                0x00000000       0x28 cmake/stm32cubemx/CMakeFiles/STM32_Drivers.dir/__/__/Core/Src/system_stm32f1xx.c.obj
 .debug_aranges
                0x00000028      0x138 cmake/stm32cubemx/CMakeFiles/STM32_Drivers.dir/__/__/Drivers/STM32F1xx_HAL_Driver/Src/stm32f1xx_hal_can.c.obj
 .debug_aranges
                0x00000160       0xe0 cmake/stm32cubemx/CMakeFiles/STM32_Drivers.dir/__/__/Drivers/STM32F1xx_HAL_Driver/Src/stm32f1xx_hal.c.obj
 .debug_aranges
                0x00000240       0x90 cmake/stm32cubemx/CMakeFiles/STM32_Drivers.dir/__/__/Drivers/STM32F1xx_HAL_Driver/Src/stm32f1xx_hal_rcc.c.obj
 .debug_aranges
                0x000002d0       0x58 cmake/stm32cubemx/CMakeFiles/STM32_Drivers.dir/__/__/Drivers/STM32F1xx_HAL_Driver/Src/stm32f1xx_hal_gpio.c.obj
 .debug_aranges
                0x00000328       0x80 cmake/stm32cubemx/CMakeFiles/STM32_Drivers.dir/__/__/Drivers/STM32F1xx_HAL_Driver/Src/stm32f1xx_hal_dma.c.obj
 .debug_aranges
                0x000003a8      0x100 cmake/stm32cubemx/CMakeFiles/STM32_Drivers.dir/__/__/Drivers/STM32F1xx_HAL_Driver/Src/stm32f1xx_hal_cortex.c.obj
 .debug_aranges
                0x000004a8      0x3d0 cmake/stm32cubemx/CMakeFiles/STM32_Drivers.dir/__/__/Drivers/STM32F1xx_HAL_Driver/Src/stm32f1xx_hal_tim.c.obj
 .debug_aranges
                0x00000878      0x168 cmake/stm32cubemx/CMakeFiles/STM32_Drivers.dir/__/__/Drivers/STM32F1xx_HAL_Driver/Src/stm32f1xx_hal_tim_ex.c.obj
 .debug_aranges
                0x000009e0      0x208 cmake/stm32cubemx/CMakeFiles/STM32_Drivers.dir/__/__/Drivers/STM32F1xx_HAL_Driver/Src/stm32f1xx_hal_uart.c.obj
 .debug_aranges
                0x00000be8       0x30 CMakeFiles/hw_work1.dir/Core/Src/can.c.obj
 .debug_aranges
                0x00000c18       0x20 CMakeFiles/hw_work1.dir/Core/Src/gpio.c.obj
 .debug_aranges
                0x00000c38       0x38 CMakeFiles/hw_work1.dir/Core/Src/main.c.obj
 .debug_aranges
                0x00000c70       0x20 CMakeFiles/hw_work1.dir/Core/Src/stm32f1xx_hal_msp.c.obj
 .debug_aranges
                0x00000c90       0x80 CMakeFiles/hw_work1.dir/Core/Src/stm32f1xx_it.c.obj
 .debug_aranges
                0x00000d10       0x30 CMakeFiles/hw_work1.dir/Core/Src/tim.c.obj
 .debug_aranges
                0x00000d40       0x38 CMakeFiles/hw_work1.dir/Core/Src/usart.c.obj
 .debug_aranges
                0x00000d78       0x60 CMakeFiles/hw_work1.dir/Tasks/main_task.cpp.obj
 .debug_aranges
                0x00000dd8       0x30 CMakeFiles/hw_work1.dir/Resources/HW_can.cpp.obj
 .debug_aranges
                0x00000e08       0x28 CMakeFiles/hw_work1.dir/startup_stm32f103xb.s.obj

.debug_rnglists
                0x00000000      0xb0d
 .debug_rnglists
                0x00000000       0x1a cmake/stm32cubemx/CMakeFiles/STM32_Drivers.dir/__/__/Core/Src/system_stm32f1xx.c.obj
 .debug_rnglists
                0x0000001a       0xed cmake/stm32cubemx/CMakeFiles/STM32_Drivers.dir/__/__/Drivers/STM32F1xx_HAL_Driver/Src/stm32f1xx_hal_can.c.obj
 .debug_rnglists
                0x00000107       0xa3 cmake/stm32cubemx/CMakeFiles/STM32_Drivers.dir/__/__/Drivers/STM32F1xx_HAL_Driver/Src/stm32f1xx_hal.c.obj
 .debug_rnglists
                0x000001aa       0x6e cmake/stm32cubemx/CMakeFiles/STM32_Drivers.dir/__/__/Drivers/STM32F1xx_HAL_Driver/Src/stm32f1xx_hal_rcc.c.obj
 .debug_rnglists
                0x00000218       0x40 cmake/stm32cubemx/CMakeFiles/STM32_Drivers.dir/__/__/Drivers/STM32F1xx_HAL_Driver/Src/stm32f1xx_hal_gpio.c.obj
 .debug_rnglists
                0x00000258       0x64 cmake/stm32cubemx/CMakeFiles/STM32_Drivers.dir/__/__/Drivers/STM32F1xx_HAL_Driver/Src/stm32f1xx_hal_dma.c.obj
 .debug_rnglists
                0x000002bc       0xbb cmake/stm32cubemx/CMakeFiles/STM32_Drivers.dir/__/__/Drivers/STM32F1xx_HAL_Driver/Src/stm32f1xx_hal_cortex.c.obj
 .debug_rnglists
                0x00000377      0x321 cmake/stm32cubemx/CMakeFiles/STM32_Drivers.dir/__/__/Drivers/STM32F1xx_HAL_Driver/Src/stm32f1xx_hal_tim.c.obj
 .debug_rnglists
                0x00000698      0x127 cmake/stm32cubemx/CMakeFiles/STM32_Drivers.dir/__/__/Drivers/STM32F1xx_HAL_Driver/Src/stm32f1xx_hal_tim_ex.c.obj
 .debug_rnglists
                0x000007bf      0x1c0 cmake/stm32cubemx/CMakeFiles/STM32_Drivers.dir/__/__/Drivers/STM32F1xx_HAL_Driver/Src/stm32f1xx_hal_uart.c.obj
 .debug_rnglists
                0x0000097f       0x20 CMakeFiles/hw_work1.dir/Core/Src/can.c.obj
 .debug_rnglists
                0x0000099f       0x14 CMakeFiles/hw_work1.dir/Core/Src/gpio.c.obj
 .debug_rnglists
                0x000009b3       0x26 CMakeFiles/hw_work1.dir/Core/Src/main.c.obj
 .debug_rnglists
                0x000009d9       0x13 CMakeFiles/hw_work1.dir/Core/Src/stm32f1xx_hal_msp.c.obj
 .debug_rnglists
                0x000009ec       0x5b CMakeFiles/hw_work1.dir/Core/Src/stm32f1xx_it.c.obj
 .debug_rnglists
                0x00000a47       0x20 CMakeFiles/hw_work1.dir/Core/Src/tim.c.obj
 .debug_rnglists
                0x00000a67       0x26 CMakeFiles/hw_work1.dir/Core/Src/usart.c.obj
 .debug_rnglists
                0x00000a8d       0x48 CMakeFiles/hw_work1.dir/Tasks/main_task.cpp.obj
 .debug_rnglists
                0x00000ad5       0x1f CMakeFiles/hw_work1.dir/Resources/HW_can.cpp.obj
 .debug_rnglists
                0x00000af4       0x19 CMakeFiles/hw_work1.dir/startup_stm32f103xb.s.obj

.debug_macro    0x00000000    0x2031f
 .debug_macro   0x00000000      0x1ad cmake/stm32cubemx/CMakeFiles/STM32_Drivers.dir/__/__/Core/Src/system_stm32f1xx.c.obj
 .debug_macro   0x000001ad      0xacc cmake/stm32cubemx/CMakeFiles/STM32_Drivers.dir/__/__/Core/Src/system_stm32f1xx.c.obj
 .debug_macro   0x00000c79       0x2e cmake/stm32cubemx/CMakeFiles/STM32_Drivers.dir/__/__/Core/Src/system_stm32f1xx.c.obj
 .debug_macro   0x00000ca7       0x22 cmake/stm32cubemx/CMakeFiles/STM32_Drivers.dir/__/__/Core/Src/system_stm32f1xx.c.obj
 .debug_macro   0x00000cc9       0x22 cmake/stm32cubemx/CMakeFiles/STM32_Drivers.dir/__/__/Core/Src/system_stm32f1xx.c.obj
 .debug_macro   0x00000ceb       0x8e cmake/stm32cubemx/CMakeFiles/STM32_Drivers.dir/__/__/Core/Src/system_stm32f1xx.c.obj
 .debug_macro   0x00000d79       0x51 cmake/stm32cubemx/CMakeFiles/STM32_Drivers.dir/__/__/Core/Src/system_stm32f1xx.c.obj
 .debug_macro   0x00000dca      0x103 cmake/stm32cubemx/CMakeFiles/STM32_Drivers.dir/__/__/Core/Src/system_stm32f1xx.c.obj
 .debug_macro   0x00000ecd       0x6a cmake/stm32cubemx/CMakeFiles/STM32_Drivers.dir/__/__/Core/Src/system_stm32f1xx.c.obj
 .debug_macro   0x00000f37      0x1df cmake/stm32cubemx/CMakeFiles/STM32_Drivers.dir/__/__/Core/Src/system_stm32f1xx.c.obj
 .debug_macro   0x00001116       0x1c cmake/stm32cubemx/CMakeFiles/STM32_Drivers.dir/__/__/Core/Src/system_stm32f1xx.c.obj
 .debug_macro   0x00001132       0x22 cmake/stm32cubemx/CMakeFiles/STM32_Drivers.dir/__/__/Core/Src/system_stm32f1xx.c.obj
 .debug_macro   0x00001154       0xbd cmake/stm32cubemx/CMakeFiles/STM32_Drivers.dir/__/__/Core/Src/system_stm32f1xx.c.obj
 .debug_macro   0x00001211      0xd23 cmake/stm32cubemx/CMakeFiles/STM32_Drivers.dir/__/__/Core/Src/system_stm32f1xx.c.obj
 .debug_macro   0x00001f34     0xe09e cmake/stm32cubemx/CMakeFiles/STM32_Drivers.dir/__/__/Core/Src/system_stm32f1xx.c.obj
 .debug_macro   0x0000ffd2       0x6d cmake/stm32cubemx/CMakeFiles/STM32_Drivers.dir/__/__/Core/Src/system_stm32f1xx.c.obj
 .debug_macro   0x0001003f      0x228 cmake/stm32cubemx/CMakeFiles/STM32_Drivers.dir/__/__/Core/Src/system_stm32f1xx.c.obj
 .debug_macro   0x00010267     0x34a2 cmake/stm32cubemx/CMakeFiles/STM32_Drivers.dir/__/__/Core/Src/system_stm32f1xx.c.obj
 .debug_macro   0x00013709      0x190 cmake/stm32cubemx/CMakeFiles/STM32_Drivers.dir/__/__/Core/Src/system_stm32f1xx.c.obj
 .debug_macro   0x00013899       0x5c cmake/stm32cubemx/CMakeFiles/STM32_Drivers.dir/__/__/Core/Src/system_stm32f1xx.c.obj
 .debug_macro   0x000138f5      0x5bc cmake/stm32cubemx/CMakeFiles/STM32_Drivers.dir/__/__/Core/Src/system_stm32f1xx.c.obj
 .debug_macro   0x00013eb1      0x289 cmake/stm32cubemx/CMakeFiles/STM32_Drivers.dir/__/__/Core/Src/system_stm32f1xx.c.obj
 .debug_macro   0x0001413a      0x1cb cmake/stm32cubemx/CMakeFiles/STM32_Drivers.dir/__/__/Core/Src/system_stm32f1xx.c.obj
 .debug_macro   0x00014305      0x114 cmake/stm32cubemx/CMakeFiles/STM32_Drivers.dir/__/__/Core/Src/system_stm32f1xx.c.obj
 .debug_macro   0x00014419      0x1b2 cmake/stm32cubemx/CMakeFiles/STM32_Drivers.dir/__/__/Core/Src/system_stm32f1xx.c.obj
 .debug_macro   0x000145cb       0x27 cmake/stm32cubemx/CMakeFiles/STM32_Drivers.dir/__/__/Core/Src/system_stm32f1xx.c.obj
 .debug_macro   0x000145f2      0x136 cmake/stm32cubemx/CMakeFiles/STM32_Drivers.dir/__/__/Core/Src/system_stm32f1xx.c.obj
 .debug_macro   0x00014728      0x1bc cmake/stm32cubemx/CMakeFiles/STM32_Drivers.dir/__/__/Core/Src/system_stm32f1xx.c.obj
 .debug_macro   0x000148e4       0x34 cmake/stm32cubemx/CMakeFiles/STM32_Drivers.dir/__/__/Core/Src/system_stm32f1xx.c.obj
 .debug_macro   0x00014918       0x3c cmake/stm32cubemx/CMakeFiles/STM32_Drivers.dir/__/__/Core/Src/system_stm32f1xx.c.obj
 .debug_macro   0x00014954      0x408 cmake/stm32cubemx/CMakeFiles/STM32_Drivers.dir/__/__/Core/Src/system_stm32f1xx.c.obj
 .debug_macro   0x00014d5c       0x57 cmake/stm32cubemx/CMakeFiles/STM32_Drivers.dir/__/__/Core/Src/system_stm32f1xx.c.obj
 .debug_macro   0x00014db3       0x87 cmake/stm32cubemx/CMakeFiles/STM32_Drivers.dir/__/__/Core/Src/system_stm32f1xx.c.obj
 .debug_macro   0x00014e3a      0x240 cmake/stm32cubemx/CMakeFiles/STM32_Drivers.dir/__/__/Core/Src/system_stm32f1xx.c.obj
 .debug_macro   0x0001507a      0x140 cmake/stm32cubemx/CMakeFiles/STM32_Drivers.dir/__/__/Core/Src/system_stm32f1xx.c.obj
 .debug_macro   0x000151ba      0x8ed cmake/stm32cubemx/CMakeFiles/STM32_Drivers.dir/__/__/Core/Src/system_stm32f1xx.c.obj
 .debug_macro   0x00015aa7      0x28e cmake/stm32cubemx/CMakeFiles/STM32_Drivers.dir/__/__/Core/Src/system_stm32f1xx.c.obj
 .debug_macro   0x00015d35       0x83 cmake/stm32cubemx/CMakeFiles/STM32_Drivers.dir/__/__/Core/Src/system_stm32f1xx.c.obj
 .debug_macro   0x00015db8      0x1bc cmake/stm32cubemx/CMakeFiles/STM32_Drivers.dir/__/__/Drivers/STM32F1xx_HAL_Driver/Src/stm32f1xx_hal_can.c.obj
 .debug_macro   0x00015f74      0x1d1 cmake/stm32cubemx/CMakeFiles/STM32_Drivers.dir/__/__/Drivers/STM32F1xx_HAL_Driver/Src/stm32f1xx_hal.c.obj
 .debug_macro   0x00016145      0x1bf cmake/stm32cubemx/CMakeFiles/STM32_Drivers.dir/__/__/Drivers/STM32F1xx_HAL_Driver/Src/stm32f1xx_hal_rcc.c.obj
 .debug_macro   0x00016304      0x218 cmake/stm32cubemx/CMakeFiles/STM32_Drivers.dir/__/__/Drivers/STM32F1xx_HAL_Driver/Src/stm32f1xx_hal_gpio.c.obj
 .debug_macro   0x0001651c      0x1ad cmake/stm32cubemx/CMakeFiles/STM32_Drivers.dir/__/__/Drivers/STM32F1xx_HAL_Driver/Src/stm32f1xx_hal_dma.c.obj
 .debug_macro   0x000166c9      0x1ad cmake/stm32cubemx/CMakeFiles/STM32_Drivers.dir/__/__/Drivers/STM32F1xx_HAL_Driver/Src/stm32f1xx_hal_cortex.c.obj
 .debug_macro   0x00016876      0x1ae cmake/stm32cubemx/CMakeFiles/STM32_Drivers.dir/__/__/Drivers/STM32F1xx_HAL_Driver/Src/stm32f1xx_hal_tim.c.obj
 .debug_macro   0x00016a24      0x1ad cmake/stm32cubemx/CMakeFiles/STM32_Drivers.dir/__/__/Drivers/STM32F1xx_HAL_Driver/Src/stm32f1xx_hal_tim_ex.c.obj
 .debug_macro   0x00016bd1      0x1ae cmake/stm32cubemx/CMakeFiles/STM32_Drivers.dir/__/__/Drivers/STM32F1xx_HAL_Driver/Src/stm32f1xx_hal_uart.c.obj
 .debug_macro   0x00016d7f      0x1c1 CMakeFiles/hw_work1.dir/Core/Src/can.c.obj
 .debug_macro   0x00016f40      0xad2 CMakeFiles/hw_work1.dir/Core/Src/can.c.obj
 .debug_macro   0x00017a12      0x1c1 CMakeFiles/hw_work1.dir/Core/Src/gpio.c.obj
 .debug_macro   0x00017bd3      0x1f6 CMakeFiles/hw_work1.dir/Core/Src/main.c.obj
 .debug_macro   0x00017dc9       0x22 CMakeFiles/hw_work1.dir/Core/Src/main.c.obj
 .debug_macro   0x00017deb      0x1b7 CMakeFiles/hw_work1.dir/Core/Src/stm32f1xx_hal_msp.c.obj
 .debug_macro   0x00017fa2      0x1c1 CMakeFiles/hw_work1.dir/Core/Src/stm32f1xx_it.c.obj
 .debug_macro   0x00018163      0x1c1 CMakeFiles/hw_work1.dir/Core/Src/tim.c.obj
 .debug_macro   0x00018324      0x1c1 CMakeFiles/hw_work1.dir/Core/Src/usart.c.obj
 .debug_macro   0x000184e5      0x559 CMakeFiles/hw_work1.dir/Tasks/main_task.cpp.obj
 .debug_macro   0x00018a3e      0xc76 CMakeFiles/hw_work1.dir/Tasks/main_task.cpp.obj
 .debug_macro   0x000196b4       0x1c CMakeFiles/hw_work1.dir/Tasks/main_task.cpp.obj
 .debug_macro   0x000196d0       0x8e CMakeFiles/hw_work1.dir/Tasks/main_task.cpp.obj
 .debug_macro   0x0001975e      0xd23 CMakeFiles/hw_work1.dir/Tasks/main_task.cpp.obj
 .debug_macro   0x0001a481      0x197 CMakeFiles/hw_work1.dir/Tasks/main_task.cpp.obj
 .debug_macro   0x0001a618      0x1f2 CMakeFiles/hw_work1.dir/Tasks/main_task.cpp.obj
 .debug_macro   0x0001a80a       0x10 CMakeFiles/hw_work1.dir/Tasks/main_task.cpp.obj
 .debug_macro   0x0001a81a       0xcf CMakeFiles/hw_work1.dir/Tasks/main_task.cpp.obj
 .debug_macro   0x0001a8e9       0xed CMakeFiles/hw_work1.dir/Tasks/main_task.cpp.obj
 .debug_macro   0x0001a9d6      0x45d CMakeFiles/hw_work1.dir/Tasks/main_task.cpp.obj
 .debug_macro   0x0001ae33      0x89a CMakeFiles/hw_work1.dir/Tasks/main_task.cpp.obj
 .debug_macro   0x0001b6cd       0x12 CMakeFiles/hw_work1.dir/Tasks/main_task.cpp.obj
 .debug_macro   0x0001b6df       0x7b CMakeFiles/hw_work1.dir/Tasks/main_task.cpp.obj
 .debug_macro   0x0001b75a       0x34 CMakeFiles/hw_work1.dir/Tasks/main_task.cpp.obj
 .debug_macro   0x0001b78e      0x380 CMakeFiles/hw_work1.dir/Tasks/main_task.cpp.obj
 .debug_macro   0x0001bb0e       0x4a CMakeFiles/hw_work1.dir/Tasks/main_task.cpp.obj
 .debug_macro   0x0001bb58      0x194 CMakeFiles/hw_work1.dir/Tasks/main_task.cpp.obj
 .debug_macro   0x0001bcec       0x10 CMakeFiles/hw_work1.dir/Tasks/main_task.cpp.obj
 .debug_macro   0x0001bcfc       0x3c CMakeFiles/hw_work1.dir/Tasks/main_task.cpp.obj
 .debug_macro   0x0001bd38       0x10 CMakeFiles/hw_work1.dir/Tasks/main_task.cpp.obj
 .debug_macro   0x0001bd48       0x16 CMakeFiles/hw_work1.dir/Tasks/main_task.cpp.obj
 .debug_macro   0x0001bd5e      0x8a8 CMakeFiles/hw_work1.dir/Tasks/main_task.cpp.obj
 .debug_macro   0x0001c606      0x4f5 CMakeFiles/hw_work1.dir/Tasks/main_task.cpp.obj
 .debug_macro   0x0001cafb       0x16 CMakeFiles/hw_work1.dir/Tasks/main_task.cpp.obj
 .debug_macro   0x0001cb11      0x89a CMakeFiles/hw_work1.dir/Tasks/main_task.cpp.obj
 .debug_macro   0x0001d3ab       0x1c CMakeFiles/hw_work1.dir/Tasks/main_task.cpp.obj
 .debug_macro   0x0001d3c7       0x4f CMakeFiles/hw_work1.dir/Tasks/main_task.cpp.obj
 .debug_macro   0x0001d416       0x94 CMakeFiles/hw_work1.dir/Tasks/main_task.cpp.obj
 .debug_macro   0x0001d4aa      0x915 CMakeFiles/hw_work1.dir/Tasks/main_task.cpp.obj
 .debug_macro   0x0001ddbf       0x1f CMakeFiles/hw_work1.dir/Tasks/main_task.cpp.obj
 .debug_macro   0x0001ddde       0x10 CMakeFiles/hw_work1.dir/Tasks/main_task.cpp.obj
 .debug_macro   0x0001ddee      0x7fc CMakeFiles/hw_work1.dir/Tasks/main_task.cpp.obj
 .debug_macro   0x0001e5ea       0x10 CMakeFiles/hw_work1.dir/Tasks/main_task.cpp.obj
 .debug_macro   0x0001e5fa      0x7f5 CMakeFiles/hw_work1.dir/Tasks/main_task.cpp.obj
 .debug_macro   0x0001edef       0x28 CMakeFiles/hw_work1.dir/Tasks/main_task.cpp.obj
 .debug_macro   0x0001ee17       0x2e CMakeFiles/hw_work1.dir/Tasks/main_task.cpp.obj
 .debug_macro   0x0001ee45       0x16 CMakeFiles/hw_work1.dir/Tasks/main_task.cpp.obj
 .debug_macro   0x0001ee5b      0x7fc CMakeFiles/hw_work1.dir/Tasks/main_task.cpp.obj
 .debug_macro   0x0001f657       0x12 CMakeFiles/hw_work1.dir/Tasks/main_task.cpp.obj
 .debug_macro   0x0001f669       0x88 CMakeFiles/hw_work1.dir/Tasks/main_task.cpp.obj
 .debug_macro   0x0001f6f1       0x28 CMakeFiles/hw_work1.dir/Tasks/main_task.cpp.obj
 .debug_macro   0x0001f719      0x7ee CMakeFiles/hw_work1.dir/Tasks/main_task.cpp.obj
 .debug_macro   0x0001ff07       0x12 CMakeFiles/hw_work1.dir/Tasks/main_task.cpp.obj
 .debug_macro   0x0001ff19      0x158 CMakeFiles/hw_work1.dir/Tasks/main_task.cpp.obj
 .debug_macro   0x00020071       0x11 CMakeFiles/hw_work1.dir/Tasks/main_task.cpp.obj
 .debug_macro   0x00020082       0x17 CMakeFiles/hw_work1.dir/Tasks/main_task.cpp.obj
 .debug_macro   0x00020099       0x17 CMakeFiles/hw_work1.dir/Tasks/main_task.cpp.obj
 .debug_macro   0x000200b0       0x17 CMakeFiles/hw_work1.dir/Tasks/main_task.cpp.obj
 .debug_macro   0x000200c7       0x17 CMakeFiles/hw_work1.dir/Tasks/main_task.cpp.obj
 .debug_macro   0x000200de       0x17 CMakeFiles/hw_work1.dir/Tasks/main_task.cpp.obj
 .debug_macro   0x000200f5       0x17 CMakeFiles/hw_work1.dir/Tasks/main_task.cpp.obj
 .debug_macro   0x0002010c       0x16 CMakeFiles/hw_work1.dir/Tasks/main_task.cpp.obj
 .debug_macro   0x00020122       0x16 CMakeFiles/hw_work1.dir/Tasks/main_task.cpp.obj
 .debug_macro   0x00020138      0x1e7 CMakeFiles/hw_work1.dir/Resources/HW_can.cpp.obj

.debug_line     0x00000000    0x12b79
 .debug_line    0x00000000      0x6d7 cmake/stm32cubemx/CMakeFiles/STM32_Drivers.dir/__/__/Core/Src/system_stm32f1xx.c.obj
 .debug_line    0x000006d7     0x131b cmake/stm32cubemx/CMakeFiles/STM32_Drivers.dir/__/__/Drivers/STM32F1xx_HAL_Driver/Src/stm32f1xx_hal_can.c.obj
 .debug_line    0x000019f2      0x91c cmake/stm32cubemx/CMakeFiles/STM32_Drivers.dir/__/__/Drivers/STM32F1xx_HAL_Driver/Src/stm32f1xx_hal.c.obj
 .debug_line    0x0000230e      0xf96 cmake/stm32cubemx/CMakeFiles/STM32_Drivers.dir/__/__/Drivers/STM32F1xx_HAL_Driver/Src/stm32f1xx_hal_rcc.c.obj
 .debug_line    0x000032a4      0xabb cmake/stm32cubemx/CMakeFiles/STM32_Drivers.dir/__/__/Drivers/STM32F1xx_HAL_Driver/Src/stm32f1xx_hal_gpio.c.obj
 .debug_line    0x00003d5f      0xdee cmake/stm32cubemx/CMakeFiles/STM32_Drivers.dir/__/__/Drivers/STM32F1xx_HAL_Driver/Src/stm32f1xx_hal_dma.c.obj
 .debug_line    0x00004b4d      0xb5f cmake/stm32cubemx/CMakeFiles/STM32_Drivers.dir/__/__/Drivers/STM32F1xx_HAL_Driver/Src/stm32f1xx_hal_cortex.c.obj
 .debug_line    0x000056ac     0x49de cmake/stm32cubemx/CMakeFiles/STM32_Drivers.dir/__/__/Drivers/STM32F1xx_HAL_Driver/Src/stm32f1xx_hal_tim.c.obj
 .debug_line    0x0000a08a     0x1bbf cmake/stm32cubemx/CMakeFiles/STM32_Drivers.dir/__/__/Drivers/STM32F1xx_HAL_Driver/Src/stm32f1xx_hal_tim_ex.c.obj
 .debug_line    0x0000bc49     0x2572 cmake/stm32cubemx/CMakeFiles/STM32_Drivers.dir/__/__/Drivers/STM32F1xx_HAL_Driver/Src/stm32f1xx_hal_uart.c.obj
 .debug_line    0x0000e1bb      0x6d3 CMakeFiles/hw_work1.dir/Core/Src/can.c.obj
 .debug_line    0x0000e88e      0x683 CMakeFiles/hw_work1.dir/Core/Src/gpio.c.obj
 .debug_line    0x0000ef11      0x74f CMakeFiles/hw_work1.dir/Core/Src/main.c.obj
 .debug_line    0x0000f660      0x659 CMakeFiles/hw_work1.dir/Core/Src/stm32f1xx_hal_msp.c.obj
 .debug_line    0x0000fcb9      0x767 CMakeFiles/hw_work1.dir/Core/Src/stm32f1xx_it.c.obj
 .debug_line    0x00010420      0x6d2 CMakeFiles/hw_work1.dir/Core/Src/tim.c.obj
 .debug_line    0x00010af2      0x746 CMakeFiles/hw_work1.dir/Core/Src/usart.c.obj
 .debug_line    0x00011238     0x1168 CMakeFiles/hw_work1.dir/Tasks/main_task.cpp.obj
 .debug_line    0x000123a0      0x761 CMakeFiles/hw_work1.dir/Resources/HW_can.cpp.obj
 .debug_line    0x00012b01       0x78 CMakeFiles/hw_work1.dir/startup_stm32f103xb.s.obj

.debug_str      0x00000000    0x9729a
 .debug_str     0x00000000    0x9729a cmake/stm32cubemx/CMakeFiles/STM32_Drivers.dir/__/__/Core/Src/system_stm32f1xx.c.obj
                              0x85967 (size before relaxing)
 .debug_str     0x0009729a    0x8617d cmake/stm32cubemx/CMakeFiles/STM32_Drivers.dir/__/__/Drivers/STM32F1xx_HAL_Driver/Src/stm32f1xx_hal_can.c.obj
 .debug_str     0x0009729a    0x860ba cmake/stm32cubemx/CMakeFiles/STM32_Drivers.dir/__/__/Drivers/STM32F1xx_HAL_Driver/Src/stm32f1xx_hal.c.obj
 .debug_str     0x0009729a    0x85da4 cmake/stm32cubemx/CMakeFiles/STM32_Drivers.dir/__/__/Drivers/STM32F1xx_HAL_Driver/Src/stm32f1xx_hal_rcc.c.obj
 .debug_str     0x0009729a    0x85d0d cmake/stm32cubemx/CMakeFiles/STM32_Drivers.dir/__/__/Drivers/STM32F1xx_HAL_Driver/Src/stm32f1xx_hal_gpio.c.obj
 .debug_str     0x0009729a    0x85d30 cmake/stm32cubemx/CMakeFiles/STM32_Drivers.dir/__/__/Drivers/STM32F1xx_HAL_Driver/Src/stm32f1xx_hal_dma.c.obj
 .debug_str     0x0009729a    0x85ff4 cmake/stm32cubemx/CMakeFiles/STM32_Drivers.dir/__/__/Drivers/STM32F1xx_HAL_Driver/Src/stm32f1xx_hal_cortex.c.obj
 .debug_str     0x0009729a    0x86db8 cmake/stm32cubemx/CMakeFiles/STM32_Drivers.dir/__/__/Drivers/STM32F1xx_HAL_Driver/Src/stm32f1xx_hal_tim.c.obj
 .debug_str     0x0009729a    0x865c4 cmake/stm32cubemx/CMakeFiles/STM32_Drivers.dir/__/__/Drivers/STM32F1xx_HAL_Driver/Src/stm32f1xx_hal_tim_ex.c.obj
 .debug_str     0x0009729a    0x86415 cmake/stm32cubemx/CMakeFiles/STM32_Drivers.dir/__/__/Drivers/STM32F1xx_HAL_Driver/Src/stm32f1xx_hal_uart.c.obj
 .debug_str     0x0009729a    0x85fca CMakeFiles/hw_work1.dir/Core/Src/can.c.obj
 .debug_str     0x0009729a    0x859d9 CMakeFiles/hw_work1.dir/Core/Src/gpio.c.obj
 .debug_str     0x0009729a    0x85b94 CMakeFiles/hw_work1.dir/Core/Src/main.c.obj
 .debug_str     0x0009729a    0x85961 CMakeFiles/hw_work1.dir/Core/Src/stm32f1xx_hal_msp.c.obj
 .debug_str     0x0009729a    0x8635c CMakeFiles/hw_work1.dir/Core/Src/stm32f1xx_it.c.obj
 .debug_str     0x0009729a    0x86282 CMakeFiles/hw_work1.dir/Core/Src/tim.c.obj
 .debug_str     0x0009729a    0x86157 CMakeFiles/hw_work1.dir/Core/Src/usart.c.obj
 .debug_str     0x0009729a    0x9419a CMakeFiles/hw_work1.dir/Tasks/main_task.cpp.obj
 .debug_str     0x0009729a    0x8695b CMakeFiles/hw_work1.dir/Resources/HW_can.cpp.obj
 .debug_str     0x0009729a       0x88 CMakeFiles/hw_work1.dir/startup_stm32f103xb.s.obj

.debug_frame    0x00000000     0x3cb8
 .debug_frame   0x00000000       0x58 cmake/stm32cubemx/CMakeFiles/STM32_Drivers.dir/__/__/Core/Src/system_stm32f1xx.c.obj
 .debug_frame   0x00000058      0x58c cmake/stm32cubemx/CMakeFiles/STM32_Drivers.dir/__/__/Drivers/STM32F1xx_HAL_Driver/Src/stm32f1xx_hal_can.c.obj
 .debug_frame   0x000005e4      0x334 cmake/stm32cubemx/CMakeFiles/STM32_Drivers.dir/__/__/Drivers/STM32F1xx_HAL_Driver/Src/stm32f1xx_hal.c.obj
 .debug_frame   0x00000918      0x214 cmake/stm32cubemx/CMakeFiles/STM32_Drivers.dir/__/__/Drivers/STM32F1xx_HAL_Driver/Src/stm32f1xx_hal_rcc.c.obj
 .debug_frame   0x00000b2c      0x138 cmake/stm32cubemx/CMakeFiles/STM32_Drivers.dir/__/__/Drivers/STM32F1xx_HAL_Driver/Src/stm32f1xx_hal_gpio.c.obj
 .debug_frame   0x00000c64      0x200 cmake/stm32cubemx/CMakeFiles/STM32_Drivers.dir/__/__/Drivers/STM32F1xx_HAL_Driver/Src/stm32f1xx_hal_dma.c.obj
 .debug_frame   0x00000e64      0x424 cmake/stm32cubemx/CMakeFiles/STM32_Drivers.dir/__/__/Drivers/STM32F1xx_HAL_Driver/Src/stm32f1xx_hal_cortex.c.obj
 .debug_frame   0x00001288     0x11b0 cmake/stm32cubemx/CMakeFiles/STM32_Drivers.dir/__/__/Drivers/STM32F1xx_HAL_Driver/Src/stm32f1xx_hal_tim.c.obj
 .debug_frame   0x00002438      0x624 cmake/stm32cubemx/CMakeFiles/STM32_Drivers.dir/__/__/Drivers/STM32F1xx_HAL_Driver/Src/stm32f1xx_hal_tim_ex.c.obj
 .debug_frame   0x00002a5c      0x938 cmake/stm32cubemx/CMakeFiles/STM32_Drivers.dir/__/__/Drivers/STM32F1xx_HAL_Driver/Src/stm32f1xx_hal_uart.c.obj
 .debug_frame   0x00003394       0x74 CMakeFiles/hw_work1.dir/Core/Src/can.c.obj
 .debug_frame   0x00003408       0x34 CMakeFiles/hw_work1.dir/Core/Src/gpio.c.obj
 .debug_frame   0x0000343c       0x90 CMakeFiles/hw_work1.dir/Core/Src/main.c.obj
 .debug_frame   0x000034cc       0x38 CMakeFiles/hw_work1.dir/Core/Src/stm32f1xx_hal_msp.c.obj
 .debug_frame   0x00003504      0x174 CMakeFiles/hw_work1.dir/Core/Src/stm32f1xx_it.c.obj
 .debug_frame   0x00003678       0x7c CMakeFiles/hw_work1.dir/Core/Src/tim.c.obj
 .debug_frame   0x000036f4       0x90 CMakeFiles/hw_work1.dir/Core/Src/usart.c.obj
 .debug_frame   0x00003784      0x14c CMakeFiles/hw_work1.dir/Tasks/main_task.cpp.obj
 .debug_frame   0x000038d0       0x7c CMakeFiles/hw_work1.dir/Resources/HW_can.cpp.obj
 .debug_frame   0x0000394c       0x38 F:/GNU Arm Embedded Toolchain/arm-gnu-toolchain-14.3.rel1-mingw-w64-i686-arm-none-eabi/bin/../lib/gcc/arm-none-eabi/14.3.1/../../../../arm-none-eabi/lib/thumb/v7-m/nofp\libm.a(libm_a-sf_sin.o)
 .debug_frame   0x00003984       0x34 F:/GNU Arm Embedded Toolchain/arm-gnu-toolchain-14.3.rel1-mingw-w64-i686-arm-none-eabi/bin/../lib/gcc/arm-none-eabi/14.3.1/../../../../arm-none-eabi/lib/thumb/v7-m/nofp\libm.a(libm_a-kf_cos.o)
 .debug_frame   0x000039b8       0x34 F:/GNU Arm Embedded Toolchain/arm-gnu-toolchain-14.3.rel1-mingw-w64-i686-arm-none-eabi/bin/../lib/gcc/arm-none-eabi/14.3.1/../../../../arm-none-eabi/lib/thumb/v7-m/nofp\libm.a(libm_a-kf_sin.o)
 .debug_frame   0x000039ec       0x48 F:/GNU Arm Embedded Toolchain/arm-gnu-toolchain-14.3.rel1-mingw-w64-i686-arm-none-eabi/bin/../lib/gcc/arm-none-eabi/14.3.1/../../../../arm-none-eabi/lib/thumb/v7-m/nofp\libm.a(libm_a-ef_rem_pio2.o)
 .debug_frame   0x00003a34       0x20 F:/GNU Arm Embedded Toolchain/arm-gnu-toolchain-14.3.rel1-mingw-w64-i686-arm-none-eabi/bin/../lib/gcc/arm-none-eabi/14.3.1/../../../../arm-none-eabi/lib/thumb/v7-m/nofp\libm.a(libm_a-sf_fabs.o)
 .debug_frame   0x00003a54       0x50 F:/GNU Arm Embedded Toolchain/arm-gnu-toolchain-14.3.rel1-mingw-w64-i686-arm-none-eabi/bin/../lib/gcc/arm-none-eabi/14.3.1/../../../../arm-none-eabi/lib/thumb/v7-m/nofp\libm.a(libm_a-kf_rem_pio2.o)